Archive member included to satisfy reference by file (symbol)

c:/program files (x86)/atollic/truestudio for stm32 9.1.0/armtools/bin/../lib/gcc/arm-atollic-eabi/6.3.1/../../../../arm-atollic-eabi/lib/armv7-m\libc_nano.a(lib_a-errno.o)
                              Src\syscalls.o (__errno)
c:/program files (x86)/atollic/truestudio for stm32 9.1.0/armtools/bin/../lib/gcc/arm-atollic-eabi/6.3.1/../../../../arm-atollic-eabi/lib/armv7-m\libc_nano.a(lib_a-impure.o)
                              c:/program files (x86)/atollic/truestudio for stm32 9.1.0/armtools/bin/../lib/gcc/arm-atollic-eabi/6.3.1/../../../../arm-atollic-eabi/lib/armv7-m\libc_nano.a(lib_a-errno.o) (_impure_ptr)
c:/program files (x86)/atollic/truestudio for stm32 9.1.0/armtools/bin/../lib/gcc/arm-atollic-eabi/6.3.1/../../../../arm-atollic-eabi/lib/armv7-m\libc_nano.a(lib_a-init.o)
                              startup\startup_stm32f103xb.o (__libc_init_array)
c:/program files (x86)/atollic/truestudio for stm32 9.1.0/armtools/bin/../lib/gcc/arm-atollic-eabi/6.3.1/../../../../arm-atollic-eabi/lib/armv7-m\libc_nano.a(lib_a-memset.o)
                              Drivers\STM32F1xx_HAL_Driver\Src\stm32f1xx_hal_rcc.o (memset)
c:/program files (x86)/atollic/truestudio for stm32 9.1.0/armtools/bin/../lib/gcc/arm-atollic-eabi/6.3.1/../../../../arm-atollic-eabi/lib/armv7-m\libc_nano.a(lib_a-nano-vfprintf_float.o)
                              (_printf_float)
c:/program files (x86)/atollic/truestudio for stm32 9.1.0/armtools/bin/../lib/gcc/arm-atollic-eabi/6.3.1/../../../../arm-atollic-eabi/lib/armv7-m\libc_nano.a(lib_a-nano-vfprintf_i.o)
                              c:/program files (x86)/atollic/truestudio for stm32 9.1.0/armtools/bin/../lib/gcc/arm-atollic-eabi/6.3.1/../../../../arm-atollic-eabi/lib/armv7-m\libc_nano.a(lib_a-nano-vfprintf_float.o) (_printf_common)
c:/program files (x86)/atollic/truestudio for stm32 9.1.0/armtools/bin/../lib/gcc/arm-atollic-eabi/6.3.1/../../../../arm-atollic-eabi/lib/armv7-m\libc_nano.a(lib_a-strlen.o)
                              c:/program files (x86)/atollic/truestudio for stm32 9.1.0/armtools/bin/../lib/gcc/arm-atollic-eabi/6.3.1/../../../../arm-atollic-eabi/lib/armv7-m\libc_nano.a(lib_a-nano-vfprintf_float.o) (strlen)
c:/program files (x86)/atollic/truestudio for stm32 9.1.0/armtools/bin/../lib/gcc/arm-atollic-eabi/6.3.1/../../../../arm-atollic-eabi/lib/armv7-m\libc_nano.a(lib_a-dtoa.o)
                              c:/program files (x86)/atollic/truestudio for stm32 9.1.0/armtools/bin/../lib/gcc/arm-atollic-eabi/6.3.1/../../../../arm-atollic-eabi/lib/armv7-m\libc_nano.a(lib_a-nano-vfprintf_float.o) (_dtoa_r)
c:/program files (x86)/atollic/truestudio for stm32 9.1.0/armtools/bin/../lib/gcc/arm-atollic-eabi/6.3.1/../../../../arm-atollic-eabi/lib/armv7-m\libc_nano.a(lib_a-localeconv.o)
                              c:/program files (x86)/atollic/truestudio for stm32 9.1.0/armtools/bin/../lib/gcc/arm-atollic-eabi/6.3.1/../../../../arm-atollic-eabi/lib/armv7-m\libc_nano.a(lib_a-nano-vfprintf_float.o) (_localeconv_r)
c:/program files (x86)/atollic/truestudio for stm32 9.1.0/armtools/bin/../lib/gcc/arm-atollic-eabi/6.3.1/../../../../arm-atollic-eabi/lib/armv7-m\libc_nano.a(lib_a-malloc.o)
                              c:/program files (x86)/atollic/truestudio for stm32 9.1.0/armtools/bin/../lib/gcc/arm-atollic-eabi/6.3.1/../../../../arm-atollic-eabi/lib/armv7-m\libc_nano.a(lib_a-dtoa.o) (malloc)
c:/program files (x86)/atollic/truestudio for stm32 9.1.0/armtools/bin/../lib/gcc/arm-atollic-eabi/6.3.1/../../../../arm-atollic-eabi/lib/armv7-m\libc_nano.a(lib_a-memchr-stub.o)
                              c:/program files (x86)/atollic/truestudio for stm32 9.1.0/armtools/bin/../lib/gcc/arm-atollic-eabi/6.3.1/../../../../arm-atollic-eabi/lib/armv7-m\libc_nano.a(lib_a-nano-vfprintf_i.o) (memchr)
c:/program files (x86)/atollic/truestudio for stm32 9.1.0/armtools/bin/../lib/gcc/arm-atollic-eabi/6.3.1/../../../../arm-atollic-eabi/lib/armv7-m\libc_nano.a(lib_a-memcpy-stub.o)
                              c:/program files (x86)/atollic/truestudio for stm32 9.1.0/armtools/bin/../lib/gcc/arm-atollic-eabi/6.3.1/../../../../arm-atollic-eabi/lib/armv7-m\libc_nano.a(lib_a-dtoa.o) (memcpy)
c:/program files (x86)/atollic/truestudio for stm32 9.1.0/armtools/bin/../lib/gcc/arm-atollic-eabi/6.3.1/../../../../arm-atollic-eabi/lib/armv7-m\libc_nano.a(lib_a-mprec.o)
                              c:/program files (x86)/atollic/truestudio for stm32 9.1.0/armtools/bin/../lib/gcc/arm-atollic-eabi/6.3.1/../../../../arm-atollic-eabi/lib/armv7-m\libc_nano.a(lib_a-dtoa.o) (_Balloc)
c:/program files (x86)/atollic/truestudio for stm32 9.1.0/armtools/bin/../lib/gcc/arm-atollic-eabi/6.3.1/../../../../arm-atollic-eabi/lib/armv7-m\libc_nano.a(lib_a-nano-callocr.o)
[...]
Memory Configuration

Name             Origin             Length             Attributes
RAM              0x20000000         0x00005000         xrw
FLASH            0x08000000         0x00020000         xr
*default*        0x00000000         0xffffffff

Linker script and memory map

LOAD c:/program files (x86)/atollic/truestudio for stm32 9.1.0/armtools/bin/../lib/gcc/arm-atollic-eabi/6.3.1/armv7-m/crti.o
LOAD c:/program files (x86)/atollic/truestudio for stm32 9.1.0/armtools/bin/../lib/gcc/arm-atollic-eabi/6.3.1/armv7-m/crtbegin.o
LOAD Drivers\STM32F1xx_HAL_Driver\Src\stm32f1xx_hal.o
LOAD Drivers\STM32F1xx_HAL_Driver\Src\stm32f1xx_hal_cortex.o
LOAD Drivers\STM32F1xx_HAL_Driver\Src\stm32f1xx_hal_dma.o
LOAD Drivers\STM32F1xx_HAL_Driver\Src\stm32f1xx_hal_flash.o
LOAD Drivers\STM32F1xx_HAL_Driver\Src\stm32f1xx_hal_flash_ex.o
LOAD Drivers\STM32F1xx_HAL_Driver\Src\stm32f1xx_hal_gpio.o
LOAD Drivers\STM32F1xx_HAL_Driver\Src\stm32f1xx_hal_gpio_ex.o
LOAD Drivers\STM32F1xx_HAL_Driver\Src\stm32f1xx_hal_i2c.o
LOAD Drivers\STM32F1xx_HAL_Driver\Src\stm32f1xx_hal_pwr.o
LOAD Drivers\STM32F1xx_HAL_Driver\Src\stm32f1xx_hal_rcc.o
LOAD Drivers\STM32F1xx_HAL_Driver\Src\stm32f1xx_hal_rcc_ex.o
LOAD Drivers\STM32F1xx_HAL_Driver\Src\stm32f1xx_hal_tim.o
LOAD Drivers\STM32F1xx_HAL_Driver\Src\stm32f1xx_hal_tim_ex.o
LOAD Drivers\STM32F1xx_HAL_Driver\Src\stm32f1xx_hal_uart.o
LOAD Src\BMXX80.o
LOAD Src\delays.o
LOAD Src\ds18b20.o
LOAD Src\gpio.o
LOAD Src\i2c.o
LOAD Src\main.o
LOAD Src\onewire.o
LOAD Src\stm32f1xx_hal_msp.o
LOAD Src\stm32f1xx_it.o
LOAD Src\syscalls.o
LOAD Src\system_stm32f1xx.o
LOAD Src\tim.o
LOAD Src\usart.o
LOAD startup\startup_stm32f103xb.o
                0x00000080                malloc_getpagesize_P = 0x80
START GROUP
LOAD c:/program files (x86)/atollic/truestudio for stm32 9.1.0/armtools/bin/../lib/gcc/arm-atollic-eabi/6.3.1/../../../../arm-atollic-eabi/lib/armv7-m\libc_nano.a
LOAD c:/program files (x86)/atollic/truestudio for stm32 9.1.0/armtools/bin/../lib/gcc/arm-atollic-eabi/6.3.1/../../../../arm-atollic-eabi/lib/armv7-m\libm.a
END GROUP
START GROUP
LOAD c:/program files (x86)/atollic/truestudio for stm32 9.1.0/armtools/bin/../lib/gcc/arm-atollic-eabi/6.3.1/armv7-m\libgcc.a
LOAD c:/program files (x86)/atollic/truestudio for stm32 9.1.0/armtools/bin/../lib/gcc/arm-atollic-eabi/6.3.1/../../../../arm-atollic-eabi/lib/armv7-m\libc_nano.a
END GROUP
START GROUP
LOAD c:/program files (x86)/atollic/truestudio for stm32 9.1.0/armtools/bin/../lib/gcc/arm-atollic-eabi/6.3.1/armv7-m\libgcc.a
LOAD c:/program files (x86)/atollic/truestudio for stm32 9.1.0/armtools/bin/../lib/gcc/arm-atollic-eabi/6.3.1/../../../../arm-atollic-eabi/lib/armv7-m\libc_nano.a
LOAD c:/program files (x86)/atollic/truestudio for stm32 9.1.0/armtools/bin/../lib/gcc/arm-atollic-eabi/6.3.1/../../../../arm-atollic-eabi/lib/armv7-m\libnosys.a
END GROUP
START GROUP
LOAD c:/program files (x86)/atollic/truestudio for stm32 9.1.0/armtools/bin/../lib/gcc/arm-atollic-eabi/6.3.1/armv7-m\libgcc.a
LOAD c:/program files (x86)/atollic/truestudio for stm32 9.1.0/armtools/bin/../lib/gcc/arm-atollic-eabi/6.3.1/../../../../arm-atollic-eabi/lib/armv7-m\libc_nano.a
LOAD c:/program files (x86)/atollic/truestudio for stm32 9.1.0/armtools/bin/../lib/gcc/arm-atollic-eabi/6.3.1/../../../../arm-atollic-eabi/lib/armv7-m\libnosys.a
END GROUP
LOAD c:/program files (x86)/atollic/truestudio for stm32 9.1.0/armtools/bin/../lib/gcc/arm-atollic-eabi/6.3.1/armv7-m/crtend.o
LOAD c:/program files (x86)/atollic/truestudio for stm32 9.1.0/armtools/bin/../lib/gcc/arm-atollic-eabi/6.3.1/armv7-m/crtn.o
                0x20005000                _estack = 0x20005000
                0x00000200                _Min_Heap_Size = 0x200
                0x00000400                _Min_Stack_Size = 0x400

.isr_vector     0x08000000      0x10c
                0x08000000                . = ALIGN (0x4)
 *(.isr_vector)
 .isr_vector    0x08000000      0x10c startup\startup_stm32f103xb.o
                0x08000000                g_pfnVectors
                0x0800010c                . = ALIGN (0x4)

.text           0x08000110     0x5de8
                0x08000110                . = ALIGN (0x4)
 *(.text)
 .text          0x08000110       0x40 c:/program files (x86)/atollic/truestudio for stm32 9.1.0/armtools/bin/../lib/gcc/arm-atollic-eabi/6.3.1/armv7-m/crtbegin.o
 .text          0x08000150       0x10 c:/program files (x86)/atollic/truestudio for stm32 9.1.0/armtools/bin/../lib/gcc/arm-atollic-eabi/6.3.1/../../../../arm-atollic-eabi/lib/armv7-m\libc_nano.a(lib_a-strlen.o)
                0x08000150                strlen
 .text          0x08000160      0x370 c:/program files (x86)/atollic/truestudio for stm32 9.1.0/armtools/bin/../lib/gcc/arm-atollic-eabi/6.3.1/armv7-m\libgcc.a(_arm_addsubdf3.o)
                0x08000160                __aeabi_drsub
                0x08000168                __aeabi_dsub
                0x08000168                __subdf3
                0x0800016c                __aeabi_dadd
                0x0800016c                __adddf3
                0x080003e4                __floatunsidf
                0x080003e4                __aeabi_ui2d
                0x08000404                __floatsidf
                0x08000404                __aeabi_i2d
                0x08000428                __aeabi_f2d
                0x08000428                __extendsfdf2
                0x08000464                __floatundidf
                0x08000464                __aeabi_ul2d
                0x08000474                __floatdidf
                0x08000474                __aeabi_l2d
 .text          0x080004d0      0x424 c:/program files (x86)/atollic/truestudio for stm32 9.1.0/armtools/bin/../lib/gcc/arm-atollic-eabi/6.3.1/armv7-m\libgcc.a(_arm_muldivdf3.o)
                0x080004d0                __aeabi_dmul
                0x080004d0                __muldf3
                0x08000724                __divdf3
                0x08000724                __aeabi_ddiv
 .text          0x080008f4      0x110 c:/program files (x86)/atollic/truestudio for stm32 9.1.0/armtools/bin/../lib/gcc/arm-atollic-eabi/6.3.1/armv7-m\libgcc.a(_arm_cmpdf2.o)
                0x080008f4                __gtdf2
                0x080008f4                __gedf2
                0x080008fc                __ltdf2
                0x080008fc                __ledf2
                0x08000904                __nedf2
                0x08000904                __eqdf2
                0x08000904                __cmpdf2
                0x08000980                __aeabi_cdrcmple
                0x08000990                __aeabi_cdcmpeq
                0x08000990                __aeabi_cdcmple
                0x080009a0                __aeabi_dcmpeq
                0x080009b4                __aeabi_dcmplt
                0x080009c8                __aeabi_dcmple
                0x080009dc                __aeabi_dcmpge
                0x080009f0                __aeabi_dcmpgt
 .text          0x08000a04       0x2c c:/program files (x86)/atollic/truestudio for stm32 9.1.0/armtools/bin/../lib/gcc/arm-atollic-eabi/6.3.1/armv7-m\libgcc.a(_arm_unorddf2.o)
                0x08000a04                __unorddf2
                0x08000a04                __aeabi_dcmpun
 .text          0x08000a30       0x50 c:/program files (x86)/atollic/truestudio for stm32 9.1.0/armtools/bin/../lib/gcc/arm-atollic-eabi/6.3.1/armv7-m\libgcc.a(_arm_fixdfsi.o)
                0x08000a30                __aeabi_d2iz
                0x08000a30                __fixdfsi
 .text          0x08000a80      0x21c c:/program files (x86)/atollic/truestudio for stm32 9.1.0/armtools/bin/../lib/gcc/arm-atollic-eabi/6.3.1/armv7-m\libgcc.a(_arm_addsubsf3.o)
                0x08000a80                __aeabi_frsub
                0x08000a88                __subsf3
                0x08000a88                __aeabi_fsub
                0x08000a8c                __aeabi_fadd
                0x08000a8c                __addsf3
                0x08000bec                __aeabi_ui2f
                0x08000bec                __floatunsisf
                0x08000bf4                __aeabi_i2f
                0x08000bf4                __floatsisf
                0x08000c10                __aeabi_ul2f
                0x08000c10                __floatundisf
                0x08000c20                __aeabi_l2f
                0x08000c20                __floatdisf
 .text          0x08000c9c      0x2a0 c:/program files (x86)/atollic/truestudio for stm32 9.1.0/armtools/bin/../lib/gcc/arm-atollic-eabi/6.3.1/armv7-m\libgcc.a(_arm_muldivsf3.o)
                0x08000c9c                __mulsf3
                0x08000c9c                __aeabi_fmul
                0x08000e04                __aeabi_fdiv
                0x08000e04                __divsf3
 .text          0x08000f3c       0xec c:/program files (x86)/atollic/truestudio for stm32 9.1.0/armtools/bin/../lib/gcc/arm-atollic-eabi/6.3.1/armv7-m\libgcc.a(_arm_cmpsf2.o)
                0x08000f3c                __gesf2
                0x08000f3c                __gtsf2
                0x08000f44                __lesf2
                0x08000f44                __ltsf2
                0x08000f4c                __nesf2
                0x08000f4c                __eqsf2
                0x08000f4c                __cmpsf2
                0x08000fac                __aeabi_cfrcmple
                0x08000fb4                __aeabi_cfcmpeq
                0x08000fb4                __aeabi_cfcmple
                0x08000fc4                __aeabi_fcmpeq
                0x08000fd8                __aeabi_fcmplt
                0x08000fec                __aeabi_fcmple
                0x08001000                __aeabi_fcmpge
                0x08001014                __aeabi_fcmpgt
 .text          0x08001028       0xa0 c:/program files (x86)/atollic/truestudio for stm32 9.1.0/armtools/bin/../lib/gcc/arm-atollic-eabi/6.3.1/armv7-m\libgcc.a(_aeabi_ldivmod.o)
                0x08001028                __aeabi_ldivmod
 .text          0x080010c8      0x2dc c:/program files (x86)/atollic/truestudio for stm32 9.1.0/armtools/bin/../lib/gcc/arm-atollic-eabi/6.3.1/armv7-m\libgcc.a(_udivmoddi4.o)
                0x080010c8                __udivmoddi4
 .text          0x080013a4        0x4 c:/program files (x86)/atollic/truestudio for stm32 9.1.0/armtools/bin/../lib/gcc/arm-atollic-eabi/6.3.1/armv7-m\libgcc.a(_dvmd_tls.o)
                0x080013a4                __aeabi_idiv0
                0x080013a4                __aeabi_ldiv0
 *(.text*)
 .text.HAL_InitTick
                0x080013a8       0x48 Drivers\STM32F1xx_HAL_Driver\Src\stm32f1xx_hal.o
                0x080013a8                HAL_InitTick
 .text.HAL_Init
                0x080013f0       0x24 Drivers\STM32F1xx_HAL_Driver\Src\stm32f1xx_hal.o
                0x080013f0                HAL_Init
 .text.HAL_IncTick
                0x08001414       0x18 Drivers\STM32F1xx_HAL_Driver\Src\stm32f1xx_hal.o
                0x08001414                HAL_IncTick
 .text.HAL_GetTick
                0x0800142c        0xc Drivers\STM32F1xx_HAL_Driver\Src\stm32f1xx_hal.o
                0x0800142c                HAL_GetTick
 .text.HAL_Delay
                0x08001438       0x24 Drivers\STM32F1xx_HAL_Driver\Src\stm32f1xx_hal.o
                0x08001438                HAL_Delay
 .text.HAL_NVIC_SetPriorityGrouping
                0x0800145c       0x24 Drivers\STM32F1xx_HAL_Driver\Src\stm32f1xx_hal_cortex.o
                0x0800145c                HAL_NVIC_SetPriorityGrouping
 .text.HAL_NVIC_SetPriority
                0x08001480       0x68 Drivers\STM32F1xx_HAL_Driver\Src\stm32f1xx_hal_cortex.o
                0x08001480                HAL_NVIC_SetPriority
 .text.HAL_NVIC_EnableIRQ
                0x080014e8       0x18 Drivers\STM32F1xx_HAL_Driver\Src\stm32f1xx_hal_cortex.o
                0x080014e8                HAL_NVIC_EnableIRQ
 .text.HAL_SYSTICK_Config
                0x08001500       0x2c Drivers\STM32F1xx_HAL_Driver\Src\stm32f1xx_hal_cortex.o
                0x08001500                HAL_SYSTICK_Config
 .text.HAL_DMA_Abort_IT
                0x0800152c       0x90 Drivers\STM32F1xx_HAL_Driver\Src\stm32f1xx_hal_dma.o
                0x0800152c                HAL_DMA_Abort_IT
 .text.HAL_GPIO_Init
                0x080015bc      0x1c0 Drivers\STM32F1xx_HAL_Driver\Src\stm32f1xx_hal_gpio.o
                0x080015bc                HAL_GPIO_Init
 .text.HAL_GPIO_ReadPin
                0x0800177c        0xc Drivers\STM32F1xx_HAL_Driver\Src\stm32f1xx_hal_gpio.o
                0x0800177c                HAL_GPIO_ReadPin
 .text.HAL_GPIO_WritePin
                0x08001788        0xa Drivers\STM32F1xx_HAL_Driver\Src\stm32f1xx_hal_gpio.o
                0x08001788                HAL_GPIO_WritePin
 .text.HAL_GPIO_TogglePin
                0x08001792        0x8 Drivers\STM32F1xx_HAL_Driver\Src\stm32f1xx_hal_gpio.o
                0x08001792                HAL_GPIO_TogglePin
 .text.HAL_GPIO_EXTI_Callback
                0x0800179a        0x2 Drivers\STM32F1xx_HAL_Driver\Src\stm32f1xx_hal_gpio.o
                0x0800179a                HAL_GPIO_EXTI_Callback
 .text.HAL_GPIO_EXTI_IRQHandler
                0x0800179c       0x18 Drivers\STM32F1xx_HAL_Driver\Src\stm32f1xx_hal_gpio.o
                0x0800179c                HAL_GPIO_EXTI_IRQHandler
 .text.I2C_IsAcknowledgeFailed
                0x080017b4       0x2a Drivers\STM32F1xx_HAL_Driver\Src\stm32f1xx_hal_i2c.o
 .text.I2C_WaitOnMasterAddressFlagUntilTimeout
                0x080017de       0x80 Drivers\STM32F1xx_HAL_Driver\Src\stm32f1xx_hal_i2c.o
 .text.I2C_WaitOnFlagUntilTimeout
                0x0800185e       0x5c Drivers\STM32F1xx_HAL_Driver\Src\stm32f1xx_hal_i2c.o
 .text.I2C_WaitOnTXEFlagUntilTimeout
                0x080018ba       0x4c Drivers\STM32F1xx_HAL_Driver\Src\stm32f1xx_hal_i2c.o
 *fill*         0x08001906        0x2 
 .text.I2C_RequestMemoryWrite
                0x08001908       0xa4 Drivers\STM32F1xx_HAL_Driver\Src\stm32f1xx_hal_i2c.o
 .text.I2C_RequestMemoryRead
                0x080019ac       0xf4 Drivers\STM32F1xx_HAL_Driver\Src\stm32f1xx_hal_i2c.o
 .text.I2C_WaitOnRXNEFlagUntilTimeout
                0x08001aa0       0x5a Drivers\STM32F1xx_HAL_Driver\Src\stm32f1xx_hal_i2c.o
 .text.I2C_WaitOnBTFFlagUntilTimeout
                0x08001afa       0x4c Drivers\STM32F1xx_HAL_Driver\Src\stm32f1xx_hal_i2c.o
 *fill*         0x08001b46        0x2 
 .text.HAL_I2C_Init
                0x08001b48      0x100 Drivers\STM32F1xx_HAL_Driver\Src\stm32f1xx_hal_i2c.o
                0x08001b48                HAL_I2C_Init
 .text.HAL_I2C_Mem_Write
                0x08001c48      0x12c Drivers\STM32F1xx_HAL_Driver\Src\stm32f1xx_hal_i2c.o
                0x08001c48                HAL_I2C_Mem_Write
 .text.HAL_I2C_Mem_Read
                0x08001d74      0x240 Drivers\STM32F1xx_HAL_Driver\Src\stm32f1xx_hal_i2c.o
                0x08001d74                HAL_I2C_Mem_Read
 .text.HAL_I2C_MasterTxCpltCallback
                0x08001fb4        0x2 Drivers\STM32F1xx_HAL_Driver\Src\stm32f1xx_hal_i2c.o
                0x08001fb4                HAL_I2C_MasterTxCpltCallback
 .text.HAL_I2C_MasterRxCpltCallback
                0x08001fb6        0x2 Drivers\STM32F1xx_HAL_Driver\Src\stm32f1xx_hal_i2c.o
                0x08001fb6                HAL_I2C_MasterRxCpltCallback
 .text.HAL_I2C_SlaveTxCpltCallback
                0x08001fb8        0x2 Drivers\STM32F1xx_HAL_Driver\Src\stm32f1xx_hal_i2c.o
                0x08001fb8                HAL_I2C_SlaveTxCpltCallback
 .text.HAL_I2C_SlaveRxCpltCallback
                0x08001fba        0x2 Drivers\STM32F1xx_HAL_Driver\Src\stm32f1xx_hal_i2c.o
                0x08001fba                HAL_I2C_SlaveRxCpltCallback
 .text.HAL_I2C_AddrCallback
                0x08001fbc        0x2 Drivers\STM32F1xx_HAL_Driver\Src\stm32f1xx_hal_i2c.o
                0x08001fbc                HAL_I2C_AddrCallback
 .text.HAL_I2C_ListenCpltCallback
                0x08001fbe        0x2 Drivers\STM32F1xx_HAL_Driver\Src\stm32f1xx_hal_i2c.o
                0x08001fbe                HAL_I2C_ListenCpltCallback
 .text.HAL_I2C_MemTxCpltCallback
                0x08001fc0        0x2 Drivers\STM32F1xx_HAL_Driver\Src\stm32f1xx_hal_i2c.o
                0x08001fc0                HAL_I2C_MemTxCpltCallback
 .text.HAL_I2C_MemRxCpltCallback
                0x08001fc2        0x2 Drivers\STM32F1xx_HAL_Driver\Src\stm32f1xx_hal_i2c.o
                0x08001fc2                HAL_I2C_MemRxCpltCallback
 .text.HAL_I2C_ErrorCallback
                0x08001fc4        0x2 Drivers\STM32F1xx_HAL_Driver\Src\stm32f1xx_hal_i2c.o
                0x08001fc4                HAL_I2C_ErrorCallback
 .text.HAL_I2C_AbortCpltCallback
                0x08001fc6        0x2 Drivers\STM32F1xx_HAL_Driver\Src\stm32f1xx_hal_i2c.o
                0x08001fc6                HAL_I2C_AbortCpltCallback
 .text.I2C_ITError
                0x08001fc8      0x128 Drivers\STM32F1xx_HAL_Driver\Src\stm32f1xx_hal_i2c.o
 .text.HAL_I2C_EV_IRQHandler
                0x080020f0      0x6d4 Drivers\STM32F1xx_HAL_Driver\Src\stm32f1xx_hal_i2c.o
                0x080020f0                HAL_I2C_EV_IRQHandler
 .text.HAL_I2C_ER_IRQHandler
                0x080027c4      0x13c Drivers\STM32F1xx_HAL_Driver\Src\stm32f1xx_hal_i2c.o
                0x080027c4                HAL_I2C_ER_IRQHandler
 .text.I2C_DMAAbort
                0x08002900       0x4c Drivers\STM32F1xx_HAL_Driver\Src\stm32f1xx_hal_i2c.o
 .text.HAL_RCC_OscConfig
                0x0800294c      0x318 Drivers\STM32F1xx_HAL_Driver\Src\stm32f1xx_hal_rcc.o
                0x0800294c                HAL_RCC_OscConfig
 .text.HAL_RCC_GetSysClockFreq
                0x08002c64       0x78 Drivers\STM32F1xx_HAL_Driver\Src\stm32f1xx_hal_rcc.o
                0x08002c64                HAL_RCC_GetSysClockFreq
 .text.HAL_RCC_ClockConfig
                0x08002cdc      0x164 Drivers\STM32F1xx_HAL_Driver\Src\stm32f1xx_hal_rcc.o
                0x08002cdc                HAL_RCC_ClockConfig
 .text.HAL_RCC_GetPCLK1Freq
                0x08002e40       0x20 Drivers\STM32F1xx_HAL_Driver\Src\stm32f1xx_hal_rcc.o
                0x08002e40                HAL_RCC_GetPCLK1Freq
 .text.HAL_RCC_GetPCLK2Freq
                0x08002e60       0x20 Drivers\STM32F1xx_HAL_Driver\Src\stm32f1xx_hal_rcc.o
                0x08002e60                HAL_RCC_GetPCLK2Freq
 .text.HAL_TIM_Base_Start
                0x08002e80       0x1a Drivers\STM32F1xx_HAL_Driver\Src\stm32f1xx_hal_tim.o
                0x08002e80                HAL_TIM_Base_Start
 .text.HAL_TIM_ConfigClockSource
                0x08002e9a      0x172 Drivers\STM32F1xx_HAL_Driver\Src\stm32f1xx_hal_tim.o
                0x08002e9a                HAL_TIM_ConfigClockSource
 .text.TIM_Base_SetConfig
                0x0800300c       0x70 Drivers\STM32F1xx_HAL_Driver\Src\stm32f1xx_hal_tim.o
                0x0800300c                TIM_Base_SetConfig
 .text.HAL_TIM_Base_Init
                0x0800307c       0x34 Drivers\STM32F1xx_HAL_Driver\Src\stm32f1xx_hal_tim.o
                0x0800307c                HAL_TIM_Base_Init
 .text.HAL_TIMEx_MasterConfigSynchronization
                0x080030b0       0x44 Drivers\STM32F1xx_HAL_Driver\Src\stm32f1xx_hal_tim_ex.o
                0x080030b0                HAL_TIMEx_MasterConfigSynchronization
 .text.UART_SetConfig
                0x080030f4      0x13c Drivers\STM32F1xx_HAL_Driver\Src\stm32f1xx_hal_uart.o
 .text.HAL_UART_Init
                0x08003230       0x5c Drivers\STM32F1xx_HAL_Driver\Src\stm32f1xx_hal_uart.o
                0x08003230                HAL_UART_Init
 .text.BME280_Read8
                0x0800328c       0x30 Src\BMXX80.o
                0x0800328c                BME280_Read8
 .text.BME280_Read16
                0x080032bc       0x34 Src\BMXX80.o
                0x080032bc                BME280_Read16
 .text.BME280_Read16LE
                0x080032f0        0xc Src\BMXX80.o
                0x080032f0                BME280_Read16LE
 .text.BME280_Write8
                0x080032fc       0x28 Src\BMXX80.o
                0x080032fc                BME280_Write8
 .text.BME280_Read24
                0x08003324       0x3c Src\BMXX80.o
                0x08003324                BME280_Read24
 .text.BME280_IsReadingCalibration
                0x08003360        0xe Src\BMXX80.o
                0x08003360                BME280_IsReadingCalibration
 .text.BME280_SetConfig
                0x0800336e       0x14 Src\BMXX80.o
                0x0800336e                BME280_SetConfig
 *fill*         0x08003382        0x2 
 .text.BME280_Init
                0x08003384      0x1f4 Src\BMXX80.o
                0x08003384                BME280_Init
 .text.BME280_ReadTemperature
                0x08003578       0xa4 Src\BMXX80.o
                0x08003578                BME280_ReadTemperature
 .text.BME280_ReadTemperatureAndPressureAndHuminidity
                0x0800361c      0x274 Src\BMXX80.o
                0x0800361c                BME280_ReadTemperatureAndPressureAndHuminidity
 .text.Delay_us
                0x08003890       0x14 Src\delays.o
                0x08003890                Delay_us
 .text.DS18B20_StartAll
                0x080038a4       0x24 Src\ds18b20.o
                0x080038a4                DS18B20_StartAll
 .text.DS18B20_Read
                0x080038c8       0xb8 Src\ds18b20.o
                0x080038c8                DS18B20_Read
 .text.DS18B20_SetResolution
                0x08003980       0xe0 Src\ds18b20.o
                0x08003980                DS18B20_SetResolution
 .text.DS18B20_AllDone
                0x08003a60        0xc Src\ds18b20.o
                0x08003a60                DS18B20_AllDone
 .text.DS18B20_ReadAll
                0x08003a6c       0x48 Src\ds18b20.o
                0x08003a6c                DS18B20_ReadAll
 .text.DS18B20_GetTemperature
                0x08003ab4       0x18 Src\ds18b20.o
                0x08003ab4                DS18B20_GetTemperature
 .text.DS18B20_Init
                0x08003acc       0x80 Src\ds18b20.o
                0x08003acc                DS18B20_Init
 .text.MX_GPIO_Init
                0x08003b4c       0xe0 Src\gpio.o
                0x08003b4c                MX_GPIO_Init
 .text.MX_I2C1_Init
                0x08003c2c       0x40 Src\i2c.o
                0x08003c2c                MX_I2C1_Init
 .text.MX_I2C2_Init
                0x08003c6c       0x40 Src\i2c.o
                0x08003c6c                MX_I2C2_Init
 .text.HAL_I2C_MspInit
                0x08003cac       0xcc Src\i2c.o
                0x08003cac                HAL_I2C_MspInit
 .text.SystemClock_Config
                0x08003d78       0x50 Src\main.o
                0x08003d78                SystemClock_Config
 .text.startup.main
                0x08003dc8       0x9c Src\main.o
                0x08003dc8                main
 .text.Error_Handler
                0x08003e64        0x2 Src\main.o
                0x08003e64                Error_Handler
 *fill*         0x08003e66        0x2 
 .text.OneWire_Delay
                0x08003e68       0x14 Src\onewire.o
                0x08003e68                OneWire_Delay
 .text.OneWire_BusInputDirection
                0x08003e7c       0x20 Src\onewire.o
                0x08003e7c                OneWire_BusInputDirection
 .text.OneWire_BusOutputDirection
                0x08003e9c       0x22 Src\onewire.o
                0x08003e9c                OneWire_BusOutputDirection
 .text.OneWire_OutputLow
                0x08003ebe        0xa Src\onewire.o
                0x08003ebe                OneWire_OutputLow
 .text.OneWire_Reset
                0x08003ec8       0x36 Src\onewire.o
                0x08003ec8                OneWire_Reset
 .text.OneWire_WriteBit
                0x08003efe       0x42 Src\onewire.o
                0x08003efe                OneWire_WriteBit
 .text.OneWire_ReadBit
                0x08003f40       0x36 Src\onewire.o
                0x08003f40                OneWire_ReadBit
 .text.OneWire_WriteByte
                0x08003f76       0x20 Src\onewire.o
                0x08003f76                OneWire_WriteByte
 .text.OneWire_ReadByte
                0x08003f96       0x22 Src\onewire.o
                0x08003f96                OneWire_ReadByte
 .text.OneWire_Search
                0x08003fb8       0xd4 Src\onewire.o
                0x08003fb8                OneWire_Search
 .text.OneWire_First
                0x0800408c        0xe Src\onewire.o
                0x0800408c                OneWire_First
 .text.OneWire_Next
                0x0800409a        0x6 Src\onewire.o
                0x0800409a                OneWire_Next
 .text.OneWire_SelectWithPointer
                0x080040a0       0x20 Src\onewire.o
                0x080040a0                OneWire_SelectWithPointer
 .text.OneWire_GetFullROM
                0x080040c0       0x16 Src\onewire.o
                0x080040c0                OneWire_GetFullROM
 *fill*         0x080040d6        0x2 
 .text.OneWire_Init
                0x080040d8       0x44 Src\onewire.o
                0x080040d8                OneWire_Init
 .text.HAL_MspInit
                0x0800411c       0x44 Src\stm32f1xx_hal_msp.o
                0x0800411c                HAL_MspInit
 .text.NMI_Handler
                0x08004160        0x2 Src\stm32f1xx_it.o
                0x08004160                NMI_Handler
 .text.HardFault_Handler
                0x08004162        0x2 Src\stm32f1xx_it.o
                0x08004162                HardFault_Handler
 .text.MemManage_Handler
                0x08004164        0x2 Src\stm32f1xx_it.o
                0x08004164                MemManage_Handler
 .text.BusFault_Handler
                0x08004166        0x2 Src\stm32f1xx_it.o
                0x08004166                BusFault_Handler
 .text.UsageFault_Handler
                0x08004168        0x2 Src\stm32f1xx_it.o
                0x08004168                UsageFault_Handler
 .text.SVC_Handler
                0x0800416a        0x2 Src\stm32f1xx_it.o
                0x0800416a                SVC_Handler
 .text.DebugMon_Handler
                0x0800416c        0x2 Src\stm32f1xx_it.o
                0x0800416c                DebugMon_Handler
 .text.PendSV_Handler
                0x0800416e        0x2 Src\stm32f1xx_it.o
                0x0800416e                PendSV_Handler
 .text.SysTick_Handler
                0x08004170        0x4 Src\stm32f1xx_it.o
                0x08004170                SysTick_Handler
 .text.I2C1_EV_IRQHandler
                0x08004174        0xc Src\stm32f1xx_it.o
                0x08004174                I2C1_EV_IRQHandler
 .text.I2C1_ER_IRQHandler
                0x08004180        0xc Src\stm32f1xx_it.o
                0x08004180                I2C1_ER_IRQHandler
 .text.EXTI15_10_IRQHandler
                0x0800418c        0x8 Src\stm32f1xx_it.o
                0x0800418c                EXTI15_10_IRQHandler
 .text._sbrk    0x08004194       0x34 Src\syscalls.o
                0x08004194                _sbrk
 .text.SystemInit
                0x080041c8       0x4c Src\system_stm32f1xx.o
                0x080041c8                SystemInit
 .text.MX_TIM1_Init
                0x08004214       0x6c Src\tim.o
                0x08004214                MX_TIM1_Init
 .text.MX_TIM3_Init
                0x08004280       0x68 Src\tim.o
                0x08004280                MX_TIM3_Init
 .text.HAL_TIM_Base_MspInit
                0x080042e8       0x4c Src\tim.o
                0x080042e8                HAL_TIM_Base_MspInit
 .text.MX_USART2_UART_Init
                0x08004334       0x38 Src\usart.o
                0x08004334                MX_USART2_UART_Init
 .text.HAL_UART_MspInit
                0x0800436c       0x60 Src\usart.o
                0x0800436c                HAL_UART_MspInit
 .text.Reset_Handler
                0x080043cc       0x48 startup\startup_stm32f103xb.o
                0x080043cc                Reset_Handler
 .text.Default_Handler
                0x08004414        0x2 startup\startup_stm32f103xb.o
                0x08004414                RTC_Alarm_IRQHandler
                0x08004414                EXTI2_IRQHandler
                0x08004414                TIM1_CC_IRQHandler
                0x08004414                PVD_IRQHandler
                0x08004414                EXTI3_IRQHandler
                0x08004414                EXTI0_IRQHandler
                0x08004414                I2C2_EV_IRQHandler
                0x08004414                ADC1_2_IRQHandler
                0x08004414                SPI1_IRQHandler
                0x08004414                TAMPER_IRQHandler
                0x08004414                DMA1_Channel4_IRQHandler
                0x08004414                USART3_IRQHandler
                0x08004414                RTC_IRQHandler
                0x08004414                DMA1_Channel7_IRQHandler
                0x08004414                CAN1_RX1_IRQHandler
                0x08004414                TIM4_IRQHandler
                0x08004414                DMA1_Channel6_IRQHandler
                0x08004414                TIM3_IRQHandler
                0x08004414                RCC_IRQHandler
                0x08004414                TIM1_TRG_COM_IRQHandler
                0x08004414                DMA1_Channel1_IRQHandler
                0x08004414                Default_Handler
                0x08004414                EXTI9_5_IRQHandler
                0x08004414                SPI2_IRQHandler
                0x08004414                DMA1_Channel5_IRQHandler
                0x08004414                EXTI4_IRQHandler
                0x08004414                USB_LP_CAN1_RX0_IRQHandler
                0x08004414                USB_HP_CAN1_TX_IRQHandler
                0x08004414                DMA1_Channel3_IRQHandler
                0x08004414                TIM1_UP_IRQHandler
                0x08004414                WWDG_IRQHandler
                0x08004414                TIM2_IRQHandler
                0x08004414                TIM1_BRK_IRQHandler
                0x08004414                EXTI1_IRQHandler
                0x08004414                USART2_IRQHandler
                0x08004414                I2C2_ER_IRQHandler
                0x08004414                DMA1_Channel2_IRQHandler
                0x08004414                CAN1_SCE_IRQHandler
                0x08004414                FLASH_IRQHandler
                0x08004414                USART1_IRQHandler
                0x08004414                USBWakeUp_IRQHandler
 *fill*         0x08004416        0x2 
 .text.__errno  0x08004418        0xc c:/program files (x86)/atollic/truestudio for stm32 9.1.0/armtools/bin/../lib/gcc/arm-atollic-eabi/6.3.1/../../../../arm-atollic-eabi/lib/armv7-m\libc_nano.a(lib_a-errno.o)
                0x08004418                __errno
 .text.__libc_init_array
                0x08004424       0x48 c:/program files (x86)/atollic/truestudio for stm32 9.1.0/armtools/bin/../lib/gcc/arm-atollic-eabi/6.3.1/../../../../arm-atollic-eabi/lib/armv7-m\libc_nano.a(lib_a-init.o)
                0x08004424                __libc_init_array
 .text.memset   0x0800446c       0x10 c:/program files (x86)/atollic/truestudio for stm32 9.1.0/armtools/bin/../lib/gcc/arm-atollic-eabi/6.3.1/../../../../arm-atollic-eabi/lib/armv7-m\libc_nano.a(lib_a-memset.o)
                0x0800446c                memset
 .text.__cvt    0x0800447c       0xb8 c:/program files (x86)/atollic/truestudio for stm32 9.1.0/armtools/bin/../lib/gcc/arm-atollic-eabi/6.3.1/../../../../arm-atollic-eabi/lib/armv7-m\libc_nano.a(lib_a-nano-vfprintf_float.o)
                0x0800447c                __cvt
 .text.__exponent
                0x08004534       0x6a c:/program files (x86)/atollic/truestudio for stm32 9.1.0/armtools/bin/../lib/gcc/arm-atollic-eabi/6.3.1/../../../../arm-atollic-eabi/lib/armv7-m\libc_nano.a(lib_a-nano-vfprintf_float.o)
                0x08004534                __exponent
 *fill*         0x0800459e        0x2 
 .text._printf_float
                0x080045a0      0x470 c:/program files (x86)/atollic/truestudio for stm32 9.1.0/armtools/bin/../lib/gcc/arm-atollic-eabi/6.3.1/../../../../arm-atollic-eabi/lib/armv7-m\libc_nano.a(lib_a-nano-vfprintf_float.o)
                0x080045a0                _printf_float
 .text._printf_common
                0x08004a10       0xee c:/program files (x86)/atollic/truestudio for stm32 9.1.0/armtools/bin/../lib/gcc/arm-atollic-eabi/6.3.1/../../../../arm-atollic-eabi/lib/armv7-m\libc_nano.a(lib_a-nano-vfprintf_i.o)
                0x08004a10                _printf_common
 .text.quorem   0x08004afe      0x118 c:/program files (x86)/atollic/truestudio for stm32 9.1.0/armtools/bin/../lib/gcc/arm-atollic-eabi/6.3.1/../../../../arm-atollic-eabi/lib/armv7-m\libc_nano.a(lib_a-dtoa.o)
 *fill*         0x08004c16        0x2 
 .text._dtoa_r  0x08004c18      0xba8 c:/program files (x86)/atollic/truestudio for stm32 9.1.0/armtools/bin/../lib/gcc/arm-atollic-eabi/6.3.1/../../../../arm-atollic-eabi/lib/armv7-m\libc_nano.a(lib_a-dtoa.o)
                0x08004c18                _dtoa_r
 .text._localeconv_r
                0x080057c0       0x1c c:/program files (x86)/atollic/truestudio for stm32 9.1.0/armtools/bin/../lib/gcc/arm-atollic-eabi/6.3.1/../../../../arm-atollic-eabi/lib/armv7-m\libc_nano.a(lib_a-localeconv.o)
                0x080057c0                _localeconv_r
 .text.malloc   0x080057dc       0x10 c:/program files (x86)/atollic/truestudio for stm32 9.1.0/armtools/bin/../lib/gcc/arm-atollic-eabi/6.3.1/../../../../arm-atollic-eabi/lib/armv7-m\libc_nano.a(lib_a-malloc.o)
                0x080057dc                malloc
 .text.memcpy   0x080057ec       0x16 c:/program files (x86)/atollic/truestudio for stm32 9.1.0/armtools/bin/../lib/gcc/arm-atollic-eabi/6.3.1/../../../../arm-atollic-eabi/lib/armv7-m\libc_nano.a(lib_a-memcpy-stub.o)
                0x080057ec                memcpy
 .text._Balloc  0x08005802       0x68 c:/program files (x86)/atollic/truestudio for stm32 9.1.0/armtools/bin/../lib/gcc/arm-atollic-eabi/6.3.1/../../../../arm-atollic-eabi/lib/armv7-m\libc_nano.a(lib_a-mprec.o)
                0x08005802                _Balloc
 .text._Bfree   0x0800586a       0x2e c:/program files (x86)/atollic/truestudio for stm32 9.1.0/armtools/bin/../lib/gcc/arm-atollic-eabi/6.3.1/../../../../arm-atollic-eabi/lib/armv7-m\libc_nano.a(lib_a-mprec.o)
                0x0800586a                _Bfree
 .text.__multadd
                0x08005898       0x76 c:/program files (x86)/atollic/truestudio for stm32 9.1.0/armtools/bin/../lib/gcc/arm-atollic-eabi/6.3.1/../../../../arm-atollic-eabi/lib/armv7-m\libc_nano.a(lib_a-mprec.o)
                0x08005898                __multadd
 .text.__hi0bits
                0x0800590e       0x3e c:/program files (x86)/atollic/truestudio for stm32 9.1.0/armtools/bin/../lib/gcc/arm-atollic-eabi/6.3.1/../../../../arm-atollic-eabi/lib/armv7-m\libc_nano.a(lib_a-mprec.o)
                0x0800590e                __hi0bits
 .text.__lo0bits
                0x0800594c       0x5e c:/program files (x86)/atollic/truestudio for stm32 9.1.0/armtools/bin/../lib/gcc/arm-atollic-eabi/6.3.1/../../../../arm-atollic-eabi/lib/armv7-m\libc_nano.a(lib_a-mprec.o)
                0x0800594c                __lo0bits
 .text.__i2b    0x080059aa       0x12 c:/program files (x86)/atollic/truestudio for stm32 9.1.0/armtools/bin/../lib/gcc/arm-atollic-eabi/6.3.1/../../../../arm-atollic-eabi/lib/armv7-m\libc_nano.a(lib_a-mprec.o)
                0x080059aa                __i2b
 .text.__multiply
                0x080059bc      0x118 c:/program files (x86)/atollic/truestudio for stm32 9.1.0/armtools/bin/../lib/gcc/arm-atollic-eabi/6.3.1/../../../../arm-atollic-eabi/lib/armv7-m\libc_nano.a(lib_a-mprec.o)
                0x080059bc                __multiply
 .text.__pow5mult
                0x08005ad4       0x9c c:/program files (x86)/atollic/truestudio for stm32 9.1.0/armtools/bin/../lib/gcc/arm-atollic-eabi/6.3.1/../../../../arm-atollic-eabi/lib/armv7-m\libc_nano.a(lib_a-mprec.o)
                0x08005ad4                __pow5mult
 .text.__lshift
                0x08005b70       0xa2 c:/program files (x86)/atollic/truestudio for stm32 9.1.0/armtools/bin/../lib/gcc/arm-atollic-eabi/6.3.1/../../../../arm-atollic-eabi/lib/armv7-m\libc_nano.a(lib_a-mprec.o)
                0x08005b70                __lshift
 .text.__mcmp   0x08005c12       0x34 c:/program files (x86)/atollic/truestudio for stm32 9.1.0/armtools/bin/../lib/gcc/arm-atollic-eabi/6.3.1/../../../../arm-atollic-eabi/lib/armv7-m\libc_nano.a(lib_a-mprec.o)
                0x08005c12                __mcmp
 .text.__mdiff  0x08005c46       0xbe c:/program files (x86)/atollic/truestudio for stm32 9.1.0/armtools/bin/../lib/gcc/arm-atollic-eabi/6.3.1/../../../../arm-atollic-eabi/lib/armv7-m\libc_nano.a(lib_a-mprec.o)
                0x08005c46                __mdiff
 .text.__d2b    0x08005d04       0x9e c:/program files (x86)/atollic/truestudio for stm32 9.1.0/armtools/bin/../lib/gcc/arm-atollic-eabi/6.3.1/../../../../arm-atollic-eabi/lib/armv7-m\libc_nano.a(lib_a-mprec.o)
                0x08005d04                __d2b
 .text._calloc_r
                0x08005da2       0x1c c:/program files (x86)/atollic/truestudio for stm32 9.1.0/armtools/bin/../lib/gcc/arm-atollic-eabi/6.3.1/../../../../arm-atollic-eabi/lib/armv7-m\libc_nano.a(lib_a-nano-callocr.o)
                0x08005da2                _calloc_r
 *fill*         0x08005dbe        0x2 
 .text._malloc_r
                0x08005dc0       0xbc c:/program files (x86)/atollic/truestudio for stm32 9.1.0/armtools/bin/../lib/gcc/arm-atollic-eabi/6.3.1/../../../../arm-atollic-eabi/lib/armv7-m\libc_nano.a(lib_a-nano-mallocr.o)
                0x08005dc0                _malloc_r
 .text._sbrk_r  0x08005e7c       0x20 c:/program files (x86)/atollic/truestudio for stm32 9.1.0/armtools/bin/../lib/gcc/arm-atollic-eabi/6.3.1/../../../../arm-atollic-eabi/lib/armv7-m\libc_nano.a(lib_a-sbrkr.o)
                0x08005e7c                _sbrk_r
 .text.__ascii_mbtowc
                0x08005e9c       0x24 c:/program files (x86)/atollic/truestudio for stm32 9.1.0/armtools/bin/../lib/gcc/arm-atollic-eabi/6.3.1/../../../../arm-atollic-eabi/lib/armv7-m\libc_nano.a(lib_a-mbtowc_r.o)
                0x08005e9c                __ascii_mbtowc
 .text.__malloc_lock
                0x08005ec0        0x2 c:/program files (x86)/atollic/truestudio for stm32 9.1.0/armtools/bin/../lib/gcc/arm-atollic-eabi/6.3.1/../../../../arm-atollic-eabi/lib/armv7-m\libc_nano.a(lib_a-mlock.o)
                0x08005ec0                __malloc_lock
 .text.__malloc_unlock
                0x08005ec2        0x2 c:/program files (x86)/atollic/truestudio for stm32 9.1.0/armtools/bin/../lib/gcc/arm-atollic-eabi/6.3.1/../../../../arm-atollic-eabi/lib/armv7-m\libc_nano.a(lib_a-mlock.o)
                0x08005ec2                __malloc_unlock
 .text.__ascii_wctomb
                0x08005ec4       0x1a c:/program files (x86)/atollic/truestudio for stm32 9.1.0/armtools/bin/../lib/gcc/arm-atollic-eabi/6.3.1/../../../../arm-atollic-eabi/lib/armv7-m\libc_nano.a(lib_a-wctomb_r.o)
                0x08005ec4                __ascii_wctomb
 *(.glue_7)
 .glue_7        0x08005ede        0x0 linker stubs
 *(.glue_7t)
 .glue_7t       0x08005ede        0x0 linker stubs
 *(.eh_frame)
 *fill*         0x08005ede        0x2 
 .eh_frame      0x08005ee0        0x0 c:/program files (x86)/atollic/truestudio for stm32 9.1.0/armtools/bin/../lib/gcc/arm-atollic-eabi/6.3.1/armv7-m/crtbegin.o
 *(.init)
 .init          0x08005ee0        0x4 c:/program files (x86)/atollic/truestudio for stm32 9.1.0/armtools/bin/../lib/gcc/arm-atollic-eabi/6.3.1/armv7-m/crti.o
                0x08005ee0                _init
 .init          0x08005ee4        0x8 c:/program files (x86)/atollic/truestudio for stm32 9.1.0/armtools/bin/../lib/gcc/arm-atollic-eabi/6.3.1/armv7-m/crtn.o
 *(.fini)
 .fini          0x08005eec        0x4 c:/program files (x86)/atollic/truestudio for stm32 9.1.0/armtools/bin/../lib/gcc/arm-atollic-eabi/6.3.1/armv7-m/crti.o
                0x08005eec                _fini
 .fini          0x08005ef0        0x8 c:/program files (x86)/atollic/truestudio for stm32 9.1.0/armtools/bin/../lib/gcc/arm-atollic-eabi/6.3.1/armv7-m/crtn.o
                0x08005ef8                . = ALIGN (0x4)
                0x08005ef8                _etext = .

.vfp11_veneer   0x08005ef8        0x0
 .vfp11_veneer  0x08005ef8        0x0 linker stubs

.v4_bx          0x08005ef8        0x0
 .v4_bx         0x08005ef8        0x0 linker stubs

.iplt           0x08005ef8        0x0
 .iplt          0x08005ef8        0x0 c:/program files (x86)/atollic/truestudio for stm32 9.1.0/armtools/bin/../lib/gcc/arm-atollic-eabi/6.3.1/armv7-m/crtbegin.o

.rodata         0x08005ef8      0x250
                0x08005ef8                . = ALIGN (0x4)
 *(.rodata)
 .rodata        0x08005ef8       0x10 Drivers\STM32F1xx_HAL_Driver\Src\stm32f1xx_hal_rcc.o
 *(.rodata*)
 .rodata.AHBPrescTable
                0x08005f08       0x10 Src\system_stm32f1xx.o
                0x08005f08                AHBPrescTable
 .rodata.APBPrescTable
                0x08005f18        0x8 Src\system_stm32f1xx.o
                0x08005f18                APBPrescTable
 .rodata._printf_float.str1.1
                0x08005f20       0x12 c:/program files (x86)/atollic/truestudio for stm32 9.1.0/armtools/bin/../lib/gcc/arm-atollic-eabi/6.3.1/../../../../arm-atollic-eabi/lib/armv7-m\libc_nano.a(lib_a-nano-vfprintf_float.o)
 .rodata._dtoa_r.str1.1
                0x08005f32        0xd c:/program files (x86)/atollic/truestudio for stm32 9.1.0/armtools/bin/../lib/gcc/arm-atollic-eabi/6.3.1/../../../../arm-atollic-eabi/lib/armv7-m\libc_nano.a(lib_a-dtoa.o)
                                  0xf (size before relaxing)
 *fill*         0x08005f3f        0x1 
 .rodata.__mprec_bigtens
                0x08005f40       0x28 c:/program files (x86)/atollic/truestudio for stm32 9.1.0/armtools/bin/../lib/gcc/arm-atollic-eabi/6.3.1/../../../../arm-atollic-eabi/lib/armv7-m\libc_nano.a(lib_a-mprec.o)
                0x08005f40                __mprec_bigtens
 .rodata.__mprec_tens
                0x08005f68       0xc8 c:/program files (x86)/atollic/truestudio for stm32 9.1.0/armtools/bin/../lib/gcc/arm-atollic-eabi/6.3.1/../../../../arm-atollic-eabi/lib/armv7-m\libc_nano.a(lib_a-mprec.o)
                0x08005f68                __mprec_tens
 .rodata.p05.6052
                0x08006030        0xc c:/program files (x86)/atollic/truestudio for stm32 9.1.0/armtools/bin/../lib/gcc/arm-atollic-eabi/6.3.1/../../../../arm-atollic-eabi/lib/armv7-m\libc_nano.a(lib_a-mprec.o)
 .rodata._setlocale_r.str1.1
                0x0800603c        0x8 c:/program files (x86)/atollic/truestudio for stm32 9.1.0/armtools/bin/../lib/gcc/arm-atollic-eabi/6.3.1/../../../../arm-atollic-eabi/lib/armv7-m\libc_nano.a(lib_a-locale.o)
                                  0x9 (size before relaxing)
 .rodata.str1.1
                0x08006044        0x2 c:/program files (x86)/atollic/truestudio for stm32 9.1.0/armtools/bin/../lib/gcc/arm-atollic-eabi/6.3.1/../../../../arm-atollic-eabi/lib/armv7-m\libc_nano.a(lib_a-locale.o)
 .rodata._ctype_
                0x08006046      0x101 c:/program files (x86)/atollic/truestudio for stm32 9.1.0/armtools/bin/../lib/gcc/arm-atollic-eabi/6.3.1/../../../../arm-atollic-eabi/lib/armv7-m\libc_nano.a(lib_a-ctype_.o)
                0x08006046                _ctype_
                0x08006148                . = ALIGN (0x4)
 *fill*         0x08006147        0x1 

.ARM.extab
 *(.ARM.extab* .gnu.linkonce.armextab.*)

.ARM            0x08006148        0x8
                0x08006148                __exidx_start = .
 *(.ARM.exidx*)
 .ARM.exidx     0x08006148        0x8 c:/program files (x86)/atollic/truestudio for stm32 9.1.0/armtools/bin/../lib/gcc/arm-atollic-eabi/6.3.1/armv7-m\libgcc.a(_udivmoddi4.o)
                0x08006150                __exidx_end = .

.rel.dyn        0x08006150        0x0
 .rel.iplt      0x08006150        0x0 c:/program files (x86)/atollic/truestudio for stm32 9.1.0/armtools/bin/../lib/gcc/arm-atollic-eabi/6.3.1/armv7-m/crtbegin.o

.preinit_array  0x08006150        0x0
                0x08006150                PROVIDE (__preinit_array_start, .)
 *(.preinit_array*)
                0x08006150                PROVIDE (__preinit_array_end, .)

.init_array     0x08006150        0x4
                0x08006150                PROVIDE (__init_array_start, .)
 *(SORT(.init_array.*))
 *(.init_array*)
 .init_array    0x08006150        0x4 c:/program files (x86)/atollic/truestudio for stm32 9.1.0/armtools/bin/../lib/gcc/arm-atollic-eabi/6.3.1/armv7-m/crtbegin.o
                0x08006154                PROVIDE (__init_array_end, .)

.fini_array     0x08006154        0x4
                [!provide]                PROVIDE (__fini_array_start, .)
 *(SORT(.fini_array.*))
 *(.fini_array*)
 .fini_array    0x08006154        0x4 c:/program files (x86)/atollic/truestudio for stm32 9.1.0/armtools/bin/../lib/gcc/arm-atollic-eabi/6.3.1/armv7-m/crtbegin.o
                [!provide]                PROVIDE (__fini_array_end, .)
                0x08006158                _sidata = LOADADDR (.data)

.data           0x20000000      0x1dc load address 0x08006158
                0x20000000                . = ALIGN (0x4)
                0x20000000                _sdata = .
 *(.data)
 *(.data*)
 .data.uwTickFreq
                0x20000000        0x1 Drivers\STM32F1xx_HAL_Driver\Src\stm32f1xx_hal.o
                0x20000000                uwTickFreq
 *fill*         0x20000001        0x3 
 .data.uwTickPrio
                0x20000004        0x4 Drivers\STM32F1xx_HAL_Driver\Src\stm32f1xx_hal.o
                0x20000004                uwTickPrio
 .data.SystemCoreClock
                0x20000008        0x4 Src\system_stm32f1xx.o
                0x20000008                SystemCoreClock
 .data._impure_ptr
                0x2000000c        0x4 c:/program files (x86)/atollic/truestudio for stm32 9.1.0/armtools/bin/../lib/gcc/arm-atollic-eabi/6.3.1/../../../../arm-atollic-eabi/lib/armv7-m\libc_nano.a(lib_a-impure.o)
                0x2000000c                _impure_ptr
 .data.impure_data
                0x20000010       0x60 c:/program files (x86)/atollic/truestudio for stm32 9.1.0/armtools/bin/../lib/gcc/arm-atollic-eabi/6.3.1/../../../../arm-atollic-eabi/lib/armv7-m\libc_nano.a(lib_a-impure.o)
 .data.__global_locale
                0x20000070      0x16c c:/program files (x86)/atollic/truestudio for stm32 9.1.0/armtools/bin/../lib/gcc/arm-atollic-eabi/6.3.1/../../../../arm-atollic-eabi/lib/armv7-m\libc_nano.a(lib_a-locale.o)
                0x20000070                __global_locale
                0x200001dc                . = ALIGN (0x4)
                0x200001dc                _edata = .

.igot.plt       0x200001dc        0x0 load address 0x08006334
 .igot.plt      0x200001dc        0x0 c:/program files (x86)/atollic/truestudio for stm32 9.1.0/armtools/bin/../lib/gcc/arm-atollic-eabi/6.3.1/armv7-m/crtbegin.o
                0x200001dc                . = ALIGN (0x4)

.bss            0x200001dc      0x20c load address 0x08006334
                0x200001dc                _sbss = .
                0x200001dc                __bss_start__ = _sbss
 *(.bss)
 .bss           0x200001dc       0x1c c:/program files (x86)/atollic/truestudio for stm32 9.1.0/armtools/bin/../lib/gcc/arm-atollic-eabi/6.3.1/armv7-m/crtbegin.o
 *(.bss*)
 .bss.TempSensorCount
                0x200001f8        0x1 Src\ds18b20.o
                0x200001f8                TempSensorCount
 *fill*         0x200001f9        0x3 
 .bss.heap_end.5887
                0x200001fc        0x4 Src\syscalls.o
 .bss.__malloc_free_list
                0x20000200        0x4 c:/program files (x86)/atollic/truestudio for stm32 9.1.0/armtools/bin/../lib/gcc/arm-atollic-eabi/6.3.1/../../../../arm-atollic-eabi/lib/armv7-m\libc_nano.a(lib_a-nano-mallocr.o)
                0x20000200                __malloc_free_list
 .bss.__malloc_sbrk_start
                0x20000204        0x4 c:/program files (x86)/atollic/truestudio for stm32 9.1.0/armtools/bin/../lib/gcc/arm-atollic-eabi/6.3.1/../../../../arm-atollic-eabi/lib/armv7-m\libc_nano.a(lib_a-nano-mallocr.o)
                0x20000204                __malloc_sbrk_start
 *(COMMON)
 COMMON         0x20000208        0x4 Drivers\STM32F1xx_HAL_Driver\Src\stm32f1xx_hal.o
                0x20000208                uwTick
 COMMON         0x2000020c       0x38 Src\BMXX80.o
                0x2000020c                t3
                0x2000020e                _huminidity_oversampling
                0x20000210                p2
                0x20000212                h1
                0x20000214                p7
                0x20000216                _pressure_oversampling
                0x20000218                t2
                0x2000021a                p5
                0x2000021c                h5
                0x2000021e                p1
                0x20000220                h2
                0x20000222                p8
                0x20000224                p6
                0x20000226                t1
                0x20000228                _temperature_res
                0x2000022c                i2c_h
                0x20000230                h6
                0x20000232                h4
                0x20000234                _mode
                0x20000236                p3
                0x20000238                h3
                0x2000023a                p9
                0x2000023c                p4
                0x20000240                t_fine
 COMMON         0x20000244       0x28 Src\ds18b20.o
                0x20000244                OneWireDevices
                0x20000248                ds18b20
                0x20000258                OneWire
 COMMON         0x2000026c       0xa8 Src\i2c.o
                0x2000026c                hi2c1
                0x200002c0                hi2c2
 COMMON         0x20000314       0x10 Src\main.o
                0x20000314                dstemperature
                0x20000318                temperature
                0x2000031c                huminidity
                0x20000320                pressure
 COMMON         0x20000324       0x80 Src\tim.o
                0x20000324                htim3
                0x20000364                htim1
 COMMON         0x200003a4       0x40 Src\usart.o
                0x200003a4                huart2
 COMMON         0x200003e4        0x4 c:/program files (x86)/atollic/truestudio for stm32 9.1.0/armtools/bin/../lib/gcc/arm-atollic-eabi/6.3.1/../../../../arm-atollic-eabi/lib/armv7-m\libc_nano.a(lib_a-reent.o)
                0x200003e4                errno
                0x200003e8                . = ALIGN (0x4)
                0x200003e8                _ebss = .
                0x200003e8                __bss_end__ = _ebss

._user_heap_stack
                0x200003e8      0x600 load address 0x08006334
                0x200003e8                . = ALIGN (0x4)
                0x200003e8                PROVIDE (end, .)
                [!provide]                PROVIDE (_end, .)
                0x200005e8                . = (. + _Min_Heap_Size)
 *fill*         0x200003e8      0x200 
                0x200009e8                . = (. + _Min_Stack_Size)
 *fill*         0x200005e8      0x400 
                0x200009e8                . = ALIGN (0x4)

/DISCARD/
 libc.a(*)
 libm.a(*)
 libgcc.a(*)

.ARM.attributes
                0x00000000       0x29
 *(.ARM.attributes)
 .ARM.attributes
                0x00000000       0x1d c:/program files (x86)/atollic/truestudio for stm32 9.1.0/armtools/bin/../lib/gcc/arm-atollic-eabi/6.3.1/armv7-m/crti.o
 .ARM.attributes
                0x0000001d       0x2d c:/program files (x86)/atollic/truestudio for stm32 9.1.0/armtools/bin/../lib/gcc/arm-atollic-eabi/6.3.1/armv7-m/crtbegin.o
 .ARM.attributes
                0x0000004a       0x33 Drivers\STM32F1xx_HAL_Driver\Src\stm32f1xx_hal.o
 .ARM.attributes
                0x0000007d       0x33 Drivers\STM32F1xx_HAL_Driver\Src\stm32f1xx_hal_cortex.o
 .ARM.attributes
                0x000000b0       0x33 Drivers\STM32F1xx_HAL_Driver\Src\stm32f1xx_hal_dma.o
 .ARM.attributes
                0x000000e3       0x33 Drivers\STM32F1xx_HAL_Driver\Src\stm32f1xx_hal_gpio.o
 .ARM.attributes
                0x00000116       0x33 Drivers\STM32F1xx_HAL_Driver\Src\stm32f1xx_hal_i2c.o
 .ARM.attributes
                0x00000149       0x33 Drivers\STM32F1xx_HAL_Driver\Src\stm32f1xx_hal_rcc.o
 .ARM.attributes
                0x0000017c       0x33 Drivers\STM32F1xx_HAL_Driver\Src\stm32f1xx_hal_tim.o
 .ARM.attributes
                0x000001af       0x33 Drivers\STM32F1xx_HAL_Driver\Src\stm32f1xx_hal_tim_ex.o
 .ARM.attributes
                0x000001e2       0x33 Drivers\STM32F1xx_HAL_Driver\Src\stm32f1xx_hal_uart.o
 .ARM.attributes
                0x00000215       0x33 Src\BMXX80.o
 .ARM.attributes
                0x00000248       0x33 Src\delays.o
 .ARM.attributes
                0x0000027b       0x33 Src\ds18b20.o
 .ARM.attributes
                0x000002ae       0x33 Src\gpio.o
 .ARM.attributes
                0x000002e1       0x33 Src\i2c.o
 .ARM.attributes
                0x00000314       0x33 Src\main.o
 .ARM.attributes
                0x00000347       0x33 Src\onewire.o
 .ARM.attributes
                0x0000037a       0x33 Src\stm32f1xx_hal_msp.o
 .ARM.attributes
                0x000003ad       0x33 Src\stm32f1xx_it.o
 .ARM.attributes
                0x000003e0       0x33 Src\syscalls.o
 .ARM.attributes
                0x00000413       0x33 Src\system_stm32f1xx.o
 .ARM.attributes
                0x00000446       0x33 Src\tim.o
 .ARM.attributes
                0x00000479       0x33 Src\usart.o
 .ARM.attributes
                0x000004ac       0x21 startup\startup_stm32f103xb.o
 .ARM.attributes
                0x000004cd       0x2d c:/program files (x86)/atollic/truestudio for stm32 9.1.0/armtools/bin/../lib/gcc/arm-atollic-eabi/6.3.1/../../../../arm-atollic-eabi/lib/armv7-m\libc_nano.a(lib_a-errno.o)
 .ARM.attributes
                0x000004fa       0x2d c:/program files (x86)/atollic/truestudio for stm32 9.1.0/armtools/bin/../lib/gcc/arm-atollic-eabi/6.3.1/../../../../arm-atollic-eabi/lib/armv7-m\libc_nano.a(lib_a-impure.o)
 .ARM.attributes
                0x00000527       0x2d c:/program files (x86)/atollic/truestudio for stm32 9.1.0/armtools/bin/../lib/gcc/arm-atollic-eabi/6.3.1/../../../../arm-atollic-eabi/lib/armv7-m\libc_nano.a(lib_a-init.o)
 .ARM.attributes
                0x00000554       0x2d c:/program files (x86)/atollic/truestudio for stm32 9.1.0/armtools/bin/../lib/gcc/arm-atollic-eabi/6.3.1/../../../../arm-atollic-eabi/lib/armv7-m\libc_nano.a(lib_a-memset.o)
 .ARM.attributes
                0x00000581       0x2d c:/program files (x86)/atollic/truestudio for stm32 9.1.0/armtools/bin/../lib/gcc/arm-atollic-eabi/6.3.1/../../../../arm-atollic-eabi/lib/armv7-m\libc_nano.a(lib_a-nano-vfprintf_float.o)
 .ARM.attributes
                0x000005ae       0x2d c:/program files (x86)/atollic/truestudio for stm32 9.1.0/armtools/bin/../lib/gcc/arm-atollic-eabi/6.3.1/../../../../arm-atollic-eabi/lib/armv7-m\libc_nano.a(lib_a-nano-vfprintf_i.o)
 .ARM.attributes
                0x000005db       0x17 c:/program files (x86)/atollic/truestudio for stm32 9.1.0/armtools/bin/../lib/gcc/arm-atollic-eabi/6.3.1/../../../../arm-atollic-eabi/lib/armv7-m\libc_nano.a(lib_a-strlen.o)
 .ARM.attributes
                0x000005f2       0x2d c:/program files (x86)/atollic/truestudio for stm32 9.1.0/armtools/bin/../lib/gcc/arm-atollic-eabi/6.3.1/../../../../arm-atollic-eabi/lib/armv7-m\libc_nano.a(lib_a-dtoa.o)
 .ARM.attributes
                0x0000061f       0x2d c:/program files (x86)/atollic/truestudio for stm32 9.1.0/armtools/bin/../lib/gcc/arm-atollic-eabi/6.3.1/../../../../arm-atollic-eabi/lib/armv7-m\libc_nano.a(lib_a-localeconv.o)
 .ARM.attributes
                0x0000064c       0x2d c:/program files (x86)/atollic/truestudio for stm32 9.1.0/armtools/bin/../lib/gcc/arm-atollic-eabi/6.3.1/../../../../arm-atollic-eabi/lib/armv7-m\libc_nano.a(lib_a-malloc.o)
 .ARM.attributes
                0x00000679       0x2d c:/program files (x86)/atollic/truestudio for stm32 9.1.0/armtools/bin/../lib/gcc/arm-atollic-eabi/6.3.1/../../../../arm-atollic-eabi/lib/armv7-m\libc_nano.a(lib_a-memcpy-stub.o)
 .ARM.attributes
                0x000006a6       0x2d c:/program files (x86)/atollic/truestudio for stm32 9.1.0/armtools/bin/../lib/gcc/arm-atollic-eabi/6.3.1/../../../../arm-atollic-eabi/lib/armv7-m\libc_nano.a(lib_a-mprec.o)
 .ARM.attributes
                0x000006d3       0x2d c:/program files (x86)/atollic/truestudio for stm32 9.1.0/armtools/bin/../lib/gcc/arm-atollic-eabi/6.3.1/../../../../arm-atollic-eabi/lib/armv7-m\libc_nano.a(lib_a-nano-callocr.o)
 .ARM.attributes
                0x00000700       0x2d c:/program files (x86)/atollic/truestudio for stm32 9.1.0/armtools/bin/../lib/gcc/arm-atollic-eabi/6.3.1/../../../../arm-atollic-eabi/lib/armv7-m\libc_nano.a(lib_a-nano-mallocr.o)
 .ARM.attributes
                0x0000072d       0x2d c:/program files (x86)/atollic/truestudio for stm32 9.1.0/armtools/bin/../lib/gcc/arm-atollic-eabi/6.3.1/../../../../arm-atollic-eabi/lib/armv7-m\libc_nano.a(lib_a-sbrkr.o)
 .ARM.attributes
                0x0000075a       0x2d c:/program files (x86)/atollic/truestudio for stm32 9.1.0/armtools/bin/../lib/gcc/arm-atollic-eabi/6.3.1/../../../../arm-atollic-eabi/lib/armv7-m\libc_nano.a(lib_a-locale.o)
 .ARM.attributes
                0x00000787       0x2d c:/program files (x86)/atollic/truestudio for stm32 9.1.0/armtools/bin/../lib/gcc/arm-atollic-eabi/6.3.1/../../../../arm-atollic-eabi/lib/armv7-m\libc_nano.a(lib_a-mbtowc_r.o)
 .ARM.attributes
                0x000007b4       0x2d c:/program files (x86)/atollic/truestudio for stm32 9.1.0/armtools/bin/../lib/gcc/arm-atollic-eabi/6.3.1/../../../../arm-atollic-eabi/lib/armv7-m\libc_nano.a(lib_a-mlock.o)
 .ARM.attributes
                0x000007e1       0x2d c:/program files (x86)/atollic/truestudio for stm32 9.1.0/armtools/bin/../lib/gcc/arm-atollic-eabi/6.3.1/../../../../arm-atollic-eabi/lib/armv7-m\libc_nano.a(lib_a-reent.o)
 .ARM.attributes
                0x0000080e       0x2d c:/program files (x86)/atollic/truestudio for stm32 9.1.0/armtools/bin/../lib/gcc/arm-atollic-eabi/6.3.1/../../../../arm-atollic-eabi/lib/armv7-m\libc_nano.a(lib_a-wctomb_r.o)
 .ARM.attributes
                0x0000083b       0x2d c:/program files (x86)/atollic/truestudio for stm32 9.1.0/armtools/bin/../lib/gcc/arm-atollic-eabi/6.3.1/../../../../arm-atollic-eabi/lib/armv7-m\libc_nano.a(lib_a-ctype_.o)
 .ARM.attributes
                0x00000868       0x1d c:/program files (x86)/atollic/truestudio for stm32 9.1.0/armtools/bin/../lib/gcc/arm-atollic-eabi/6.3.1/armv7-m\libgcc.a(_arm_addsubdf3.o)
 .ARM.attributes
                0x00000885       0x1d c:/program files (x86)/atollic/truestudio for stm32 9.1.0/armtools/bin/../lib/gcc/arm-atollic-eabi/6.3.1/armv7-m\libgcc.a(_arm_muldivdf3.o)
 .ARM.attributes
                0x000008a2       0x1d c:/program files (x86)/atollic/truestudio for stm32 9.1.0/armtools/bin/../lib/gcc/arm-atollic-eabi/6.3.1/armv7-m\libgcc.a(_arm_cmpdf2.o)
 .ARM.attributes
                0x000008bf       0x1d c:/program files (x86)/atollic/truestudio for stm32 9.1.0/armtools/bin/../lib/gcc/arm-atollic-eabi/6.3.1/armv7-m\libgcc.a(_arm_unorddf2.o)
 .ARM.attributes
                0x000008dc       0x1d c:/program files (x86)/atollic/truestudio for stm32 9.1.0/armtools/bin/../lib/gcc/arm-atollic-eabi/6.3.1/armv7-m\libgcc.a(_arm_fixdfsi.o)
 .ARM.attributes
                0x000008f9       0x1d c:/program files (x86)/atollic/truestudio for stm32 9.1.0/armtools/bin/../lib/gcc/arm-atollic-eabi/6.3.1/armv7-m\libgcc.a(_arm_addsubsf3.o)
 .ARM.attributes
                0x00000916       0x1d c:/program files (x86)/atollic/truestudio for stm32 9.1.0/armtools/bin/../lib/gcc/arm-atollic-eabi/6.3.1/armv7-m\libgcc.a(_arm_muldivsf3.o)
 .ARM.attributes
                0x00000933       0x1d c:/program files (x86)/atollic/truestudio for stm32 9.1.0/armtools/bin/../lib/gcc/arm-atollic-eabi/6.3.1/armv7-m\libgcc.a(_arm_cmpsf2.o)
 .ARM.attributes
                0x00000950       0x1d c:/program files (x86)/atollic/truestudio for stm32 9.1.0/armtools/bin/../lib/gcc/arm-atollic-eabi/6.3.1/armv7-m\libgcc.a(_aeabi_ldivmod.o)
 .ARM.attributes
                0x0000096d       0x2d c:/program files (x86)/atollic/truestudio for stm32 9.1.0/armtools/bin/../lib/gcc/arm-atollic-eabi/6.3.1/armv7-m\libgcc.a(_udivmoddi4.o)
 .ARM.attributes
                0x0000099a       0x1d c:/program files (x86)/atollic/truestudio for stm32 9.1.0/armtools/bin/../lib/gcc/arm-atollic-eabi/6.3.1/armv7-m\libgcc.a(_dvmd_tls.o)
 .ARM.attributes
                0x000009b7       0x1d c:/program files (x86)/atollic/truestudio for stm32 9.1.0/armtools/bin/../lib/gcc/arm-atollic-eabi/6.3.1/armv7-m/crtn.o
OUTPUT(bme280.elf elf32-littlearm)

.debug_info     0x00000000    0x1e71b
 .debug_info    0x00000000      0xfc8 Drivers\STM32F1xx_HAL_Driver\Src\stm32f1xx_hal.o
 .debug_info    0x00000fc8     0x14a9 Drivers\STM32F1xx_HAL_Driver\Src\stm32f1xx_hal_cortex.o
 .debug_info    0x00002471     0x1047 Drivers\STM32F1xx_HAL_Driver\Src\stm32f1xx_hal_dma.o
 .debug_info    0x000034b8      0xec2 Drivers\STM32F1xx_HAL_Driver\Src\stm32f1xx_hal_gpio.o
 .debug_info    0x0000437a     0x38ea Drivers\STM32F1xx_HAL_Driver\Src\stm32f1xx_hal_i2c.o
 .debug_info    0x00007c64     0x123d Drivers\STM32F1xx_HAL_Driver\Src\stm32f1xx_hal_rcc.o
 .debug_info    0x00008ea1     0x3bb9 Drivers\STM32F1xx_HAL_Driver\Src\stm32f1xx_hal_tim.o
 .debug_info    0x0000ca5a     0x1989 Drivers\STM32F1xx_HAL_Driver\Src\stm32f1xx_hal_tim_ex.o
 .debug_info    0x0000e3e3     0x1e46 Drivers\STM32F1xx_HAL_Driver\Src\stm32f1xx_hal_uart.o
 .debug_info    0x00010229     0x18ed Src\BMXX80.o
 .debug_info    0x00011b16      0xe3b Src\delays.o
 .debug_info    0x00012951     0x1468 Src\ds18b20.o
 .debug_info    0x00013db9      0xdd2 Src\gpio.o
 .debug_info    0x00014b8b     0x139c Src\i2c.o
 .debug_info    0x00015f27     0x178f Src\main.o
 .debug_info    0x000176b6     0x17b2 Src\onewire.o
 .debug_info    0x00018e68      0xad2 Src\stm32f1xx_hal_msp.o
 .debug_info    0x0001993a      0xf48 Src\stm32f1xx_it.o
 .debug_info    0x0001a882      0xfe1 Src\syscalls.o
 .debug_info    0x0001b863      0xc4d Src\system_stm32f1xx.o
 .debug_info    0x0001c4b0     0x117d Src\tim.o
 .debug_info    0x0001d62d     0x105e Src\usart.o
 .debug_info    0x0001e68b       0x90 startup\startup_stm32f103xb.o

.debug_abbrev   0x00000000     0x3dc9
 .debug_abbrev  0x00000000      0x315 Drivers\STM32F1xx_HAL_Driver\Src\stm32f1xx_hal.o
 .debug_abbrev  0x00000315      0x399 Drivers\STM32F1xx_HAL_Driver\Src\stm32f1xx_hal_cortex.o
 .debug_abbrev  0x000006ae      0x29e Drivers\STM32F1xx_HAL_Driver\Src\stm32f1xx_hal_dma.o
 .debug_abbrev  0x0000094c      0x268 Drivers\STM32F1xx_HAL_Driver\Src\stm32f1xx_hal_gpio.o
 .debug_abbrev  0x00000bb4      0x3c1 Drivers\STM32F1xx_HAL_Driver\Src\stm32f1xx_hal_i2c.o
 .debug_abbrev  0x00000f75      0x367 Drivers\STM32F1xx_HAL_Driver\Src\stm32f1xx_hal_rcc.o
 .debug_abbrev  0x000012dc      0x3bb Drivers\STM32F1xx_HAL_Driver\Src\stm32f1xx_hal_tim.o
 .debug_abbrev  0x00001697      0x30d Drivers\STM32F1xx_HAL_Driver\Src\stm32f1xx_hal_tim_ex.o
 .debug_abbrev  0x000019a4      0x364 Drivers\STM32F1xx_HAL_Driver\Src\stm32f1xx_hal_uart.o
 .debug_abbrev  0x00001d08      0x36a Src\BMXX80.o
 .debug_abbrev  0x00002072      0x1bb Src\delays.o
 .debug_abbrev  0x0000222d      0x3be Src\ds18b20.o
 .debug_abbrev  0x000025eb      0x213 Src\gpio.o
 .debug_abbrev  0x000027fe      0x266 Src\i2c.o
 .debug_abbrev  0x00002a64      0x269 Src\main.o
 .debug_abbrev  0x00002ccd      0x3ac Src\onewire.o
 .debug_abbrev  0x00003079      0x1bc Src\stm32f1xx_hal_msp.o
 .debug_abbrev  0x00003235      0x231 Src\stm32f1xx_it.o
 .debug_abbrev  0x00003466      0x2d9 Src\syscalls.o
 .debug_abbrev  0x0000373f      0x1eb Src\system_stm32f1xx.o
 .debug_abbrev  0x0000392a      0x240 Src\tim.o
 .debug_abbrev  0x00003b6a      0x24d Src\usart.o
 .debug_abbrev  0x00003db7       0x12 startup\startup_stm32f103xb.o

.debug_loc      0x00000000     0xa96a
 .debug_loc     0x00000000      0x11b Drivers\STM32F1xx_HAL_Driver\Src\stm32f1xx_hal.o
 .debug_loc     0x0000011b      0x46b Drivers\STM32F1xx_HAL_Driver\Src\stm32f1xx_hal_cortex.o
 .debug_loc     0x00000586      0x5d1 Drivers\STM32F1xx_HAL_Driver\Src\stm32f1xx_hal_dma.o
 .debug_loc     0x00000b57      0x36a Drivers\STM32F1xx_HAL_Driver\Src\stm32f1xx_hal_gpio.o
 .debug_loc     0x00000ec1     0x2bdf Drivers\STM32F1xx_HAL_Driver\Src\stm32f1xx_hal_i2c.o
 .debug_loc     0x00003aa0      0x4c3 Drivers\STM32F1xx_HAL_Driver\Src\stm32f1xx_hal_rcc.o
 .debug_loc     0x00003f63     0x300c Drivers\STM32F1xx_HAL_Driver\Src\stm32f1xx_hal_tim.o
 .debug_loc     0x00006f6f      0x822 Drivers\STM32F1xx_HAL_Driver\Src\stm32f1xx_hal_tim_ex.o
 .debug_loc     0x00007791     0x1311 Drivers\STM32F1xx_HAL_Driver\Src\stm32f1xx_hal_uart.o
 .debug_loc     0x00008aa2      0xd1f Src\BMXX80.o
 .debug_loc     0x000097c1      0x5c3 Src\ds18b20.o
 .debug_loc     0x00009d84       0x8a Src\i2c.o
 .debug_loc     0x00009e0e      0x648 Src\onewire.o
 .debug_loc     0x0000a456      0x3ef Src\syscalls.o
 .debug_loc     0x0000a845       0xcd Src\system_stm32f1xx.o
 .debug_loc     0x0000a912       0x58 Src\usart.o

.debug_aranges  0x00000000      0xd20
 .debug_aranges
                0x00000000       0xc8 Drivers\STM32F1xx_HAL_Driver\Src\stm32f1xx_hal.o
 .debug_aranges
                0x000000c8       0x90 Drivers\STM32F1xx_HAL_Driver\Src\stm32f1xx_hal_cortex.o
 .debug_aranges
                0x00000158       0x78 Drivers\STM32F1xx_HAL_Driver\Src\stm32f1xx_hal_dma.o
 .debug_aranges
                0x000001d0       0x58 Drivers\STM32F1xx_HAL_Driver\Src\stm32f1xx_hal_gpio.o
 .debug_aranges
                0x00000228      0x190 Drivers\STM32F1xx_HAL_Driver\Src\stm32f1xx_hal_i2c.o
 .debug_aranges
                0x000003b8       0x88 Drivers\STM32F1xx_HAL_Driver\Src\stm32f1xx_hal_rcc.o
 .debug_aranges
                0x00000440      0x250 Drivers\STM32F1xx_HAL_Driver\Src\stm32f1xx_hal_tim.o
 .debug_aranges
                0x00000690       0xe8 Drivers\STM32F1xx_HAL_Driver\Src\stm32f1xx_hal_tim_ex.o
 .debug_aranges
                0x00000778      0x170 Drivers\STM32F1xx_HAL_Driver\Src\stm32f1xx_hal_uart.o
 .debug_aranges
                0x000008e8       0x80 Src\BMXX80.o
 .debug_aranges
                0x00000968       0x20 Src\delays.o
 .debug_aranges
                0x00000988       0x80 Src\ds18b20.o
 .debug_aranges
                0x00000a08       0x20 Src\gpio.o
 .debug_aranges
                0x00000a28       0x38 Src\i2c.o
 .debug_aranges
                0x00000a60       0x30 Src\main.o
 .debug_aranges
                0x00000a90       0xa8 Src\onewire.o
 .debug_aranges
                0x00000b38       0x20 Src\stm32f1xx_hal_msp.o
 .debug_aranges
                0x00000b58       0x60 Src\stm32f1xx_it.o
 .debug_aranges
                0x00000bb8       0xb0 Src\syscalls.o
 .debug_aranges
                0x00000c68       0x28 Src\system_stm32f1xx.o
 .debug_aranges
                0x00000c90       0x38 Src\tim.o
 .debug_aranges
                0x00000cc8       0x30 Src\usart.o
 .debug_aranges
                0x00000cf8       0x28 startup\startup_stm32f103xb.o

.debug_ranges   0x00000000     0x1288
 .debug_ranges  0x00000000       0xb8 Drivers\STM32F1xx_HAL_Driver\Src\stm32f1xx_hal.o
 .debug_ranges  0x000000b8      0x128 Drivers\STM32F1xx_HAL_Driver\Src\stm32f1xx_hal_cortex.o
 .debug_ranges  0x000001e0       0xa8 Drivers\STM32F1xx_HAL_Driver\Src\stm32f1xx_hal_dma.o
 .debug_ranges  0x00000288       0x60 Drivers\STM32F1xx_HAL_Driver\Src\stm32f1xx_hal_gpio.o
 .debug_ranges  0x000002e8      0x438 Drivers\STM32F1xx_HAL_Driver\Src\stm32f1xx_hal_i2c.o
 .debug_ranges  0x00000720       0xa0 Drivers\STM32F1xx_HAL_Driver\Src\stm32f1xx_hal_rcc.o
 .debug_ranges  0x000007c0      0x340 Drivers\STM32F1xx_HAL_Driver\Src\stm32f1xx_hal_tim.o
 .debug_ranges  0x00000b00       0xd8 Drivers\STM32F1xx_HAL_Driver\Src\stm32f1xx_hal_tim_ex.o
 .debug_ranges  0x00000bd8      0x190 Drivers\STM32F1xx_HAL_Driver\Src\stm32f1xx_hal_uart.o
 .debug_ranges  0x00000d68       0x88 Src\BMXX80.o
 .debug_ranges  0x00000df0       0x10 Src\delays.o
 .debug_ranges  0x00000e00       0x88 Src\ds18b20.o
 .debug_ranges  0x00000e88       0x90 Src\gpio.o
 .debug_ranges  0x00000f18       0x88 Src\i2c.o
 .debug_ranges  0x00000fa0       0x20 Src\main.o
 .debug_ranges  0x00000fc0       0xe0 Src\onewire.o
 .debug_ranges  0x000010a0       0x58 Src\stm32f1xx_hal_msp.o
 .debug_ranges  0x000010f8       0x50 Src\stm32f1xx_it.o
 .debug_ranges  0x00001148       0xa0 Src\syscalls.o
 .debug_ranges  0x000011e8       0x18 Src\system_stm32f1xx.o
 .debug_ranges  0x00001200       0x28 Src\tim.o
 .debug_ranges  0x00001228       0x40 Src\usart.o
 .debug_ranges  0x00001268       0x20 startup\startup_stm32f103xb.o

.debug_line     0x00000000     0x883d
 .debug_line    0x00000000      0x45f Drivers\STM32F1xx_HAL_Driver\Src\stm32f1xx_hal.o
 .debug_line    0x0000045f      0x469 Drivers\STM32F1xx_HAL_Driver\Src\stm32f1xx_hal_cortex.o
 .debug_line    0x000008c8      0x68f Drivers\STM32F1xx_HAL_Driver\Src\stm32f1xx_hal_dma.o
 .debug_line    0x00000f57      0x45e Drivers\STM32F1xx_HAL_Driver\Src\stm32f1xx_hal_gpio.o
 .debug_line    0x000013b5     0x1a8b Drivers\STM32F1xx_HAL_Driver\Src\stm32f1xx_hal_i2c.o
 .debug_line    0x00002e40      0x639 Drivers\STM32F1xx_HAL_Driver\Src\stm32f1xx_hal_rcc.o
 .debug_line    0x00003479     0x115f Drivers\STM32F1xx_HAL_Driver\Src\stm32f1xx_hal_tim.o
 .debug_line    0x000045d8      0x701 Drivers\STM32F1xx_HAL_Driver\Src\stm32f1xx_hal_tim_ex.o
 .debug_line    0x00004cd9      0xc45 Drivers\STM32F1xx_HAL_Driver\Src\stm32f1xx_hal_uart.o
 .debug_line    0x0000591e      0x552 Src\BMXX80.o
 .debug_line    0x00005e70      0x2c9 Src\delays.o
 .debug_line    0x00006139      0x442 Src\ds18b20.o
 .debug_line    0x0000657b      0x2e1 Src\gpio.o
 .debug_line    0x0000685c      0x391 Src\i2c.o
 .debug_line    0x00006bed      0x3c5 Src\main.o
 .debug_line    0x00006fb2      0x52c Src\onewire.o
 .debug_line    0x000074de      0x283 Src\stm32f1xx_hal_msp.o
 .debug_line    0x00007761      0x355 Src\stm32f1xx_it.o
 .debug_line    0x00007ab6      0x3c0 Src\syscalls.o
 .debug_line    0x00007e76      0x2bf Src\system_stm32f1xx.o
 .debug_line    0x00008135      0x357 Src\tim.o
 .debug_line    0x0000848c      0x334 Src\usart.o
 .debug_line    0x000087c0       0x7d startup\startup_stm32f103xb.o

.debug_str      0x00000000     0x47b0
 .debug_str     0x00000000      0xbbb Drivers\STM32F1xx_HAL_Driver\Src\stm32f1xx_hal.o
                                0xc86 (size before relaxing)
 .debug_str     0x00000bbb      0x2e1 Drivers\STM32F1xx_HAL_Driver\Src\stm32f1xx_hal_cortex.o
                                0xdae (size before relaxing)
 .debug_str     0x00000e9c      0x3e6 Drivers\STM32F1xx_HAL_Driver\Src\stm32f1xx_hal_dma.o
                                0xb12 (size before relaxing)
 .debug_str     0x00001282      0x1cb Drivers\STM32F1xx_HAL_Driver\Src\stm32f1xx_hal_gpio.o
                                0x91b (size before relaxing)
 .debug_str     0x0000144d      0xa6b Drivers\STM32F1xx_HAL_Driver\Src\stm32f1xx_hal_i2c.o
                               0x13b1 (size before relaxing)
 .debug_str     0x00001eb8      0x306 Drivers\STM32F1xx_HAL_Driver\Src\stm32f1xx_hal_rcc.o
                                0xaf9 (size before relaxing)
 .debug_str     0x000021be      0xf0d Drivers\STM32F1xx_HAL_Driver\Src\stm32f1xx_hal_tim.o
                               0x184a (size before relaxing)
 .debug_str     0x000030cb      0x4f1 Drivers\STM32F1xx_HAL_Driver\Src\stm32f1xx_hal_tim_ex.o
                               0x10ec (size before relaxing)
 .debug_str     0x000035bc      0x6b9 Drivers\STM32F1xx_HAL_Driver\Src\stm32f1xx_hal_uart.o
                               0x1063 (size before relaxing)
 .debug_str     0x00003c75      0x281 Src\BMXX80.o
                                0xe19 (size before relaxing)
 .debug_str     0x00003ef6       0x1c Src\delays.o
                                0xa7f (size before relaxing)
 .debug_str     0x00003f12      0x29f Src\ds18b20.o
                                0x9b6 (size before relaxing)
 .debug_str     0x000041b1       0x2b Src\gpio.o
                                0xa91 (size before relaxing)
 .debug_str     0x000041dc       0x4b Src\i2c.o
                                0xf5d (size before relaxing)
 .debug_str     0x00004227       0x69 Src\main.o
                               0x11ed (size before relaxing)
 .debug_str     0x00004290      0x14b Src\onewire.o
                                0xd32 (size before relaxing)
 .debug_str     0x000043db       0x1b Src\stm32f1xx_hal_msp.o
                                0x72f (size before relaxing)
 .debug_str     0x000043f6       0xe1 Src\stm32f1xx_it.o
                                0xc36 (size before relaxing)
 .debug_str     0x000044d7      0x256 Src\syscalls.o
                                0x86f (size before relaxing)
 .debug_str     0x0000472d       0x4d Src\system_stm32f1xx.o
                                0x784 (size before relaxing)
 .debug_str     0x0000477a       0x1c Src\tim.o
                                0xc30 (size before relaxing)
 .debug_str     0x00004796       0x1a Src\usart.o
                                0xb63 (size before relaxing)

.comment        0x00000000       0x7c
 .comment       0x00000000       0x7c Drivers\STM32F1xx_HAL_Driver\Src\stm32f1xx_hal.o
                                 0x7d (size before relaxing)
 .comment       0x0000007c       0x7d Drivers\STM32F1xx_HAL_Driver\Src\stm32f1xx_hal_cortex.o
 .comment       0x0000007c       0x7d Drivers\STM32F1xx_HAL_Driver\Src\stm32f1xx_hal_dma.o
 .comment       0x0000007c       0x7d Drivers\STM32F1xx_HAL_Driver\Src\stm32f1xx_hal_gpio.o
 .comment       0x0000007c       0x7d Drivers\STM32F1xx_HAL_Driver\Src\stm32f1xx_hal_i2c.o
 .comment       0x0000007c       0x7d Drivers\STM32F1xx_HAL_Driver\Src\stm32f1xx_hal_rcc.o
 .comment       0x0000007c       0x7d Drivers\STM32F1xx_HAL_Driver\Src\stm32f1xx_hal_tim.o
 .comment       0x0000007c       0x7d Drivers\STM32F1xx_HAL_Driver\Src\stm32f1xx_hal_tim_ex.o
 .comment       0x0000007c       0x7d Drivers\STM32F1xx_HAL_Driver\Src\stm32f1xx_hal_uart.o
 .comment       0x0000007c       0x7d Src\BMXX80.o
 .comment       0x0000007c       0x7d Src\delays.o
 .comment       0x0000007c       0x7d Src\ds18b20.o
 .comment       0x0000007c       0x7d Src\gpio.o
 .comment       0x0000007c       0x7d Src\i2c.o
 .comment       0x0000007c       0x7d Src\main.o
 .comment       0x0000007c       0x7d Src\onewire.o
 .comment       0x0000007c       0x7d Src\stm32f1xx_hal_msp.o
 .comment       0x0000007c       0x7d Src\stm32f1xx_it.o
 .comment       0x0000007c       0x7d Src\syscalls.o
 .comment       0x0000007c       0x7d Src\system_stm32f1xx.o
 .comment       0x0000007c       0x7d Src\tim.o
 .comment       0x0000007c       0x7d Src\usart.o

.debug_frame    0x00000000     0x30a4
 .debug_frame   0x00000000      0x1b0 Drivers\STM32F1xx_HAL_Driver\Src\stm32f1xx_hal.o
 .debug_frame   0x000001b0      0x120 Drivers\STM32F1xx_HAL_Driver\Src\stm32f1xx_hal_cortex.o
 .debug_frame   0x000002d0      0x144 Drivers\STM32F1xx_HAL_Driver\Src\stm32f1xx_hal_dma.o
 .debug_frame   0x00000414       0xd4 Drivers\STM32F1xx_HAL_Driver\Src\stm32f1xx_hal_gpio.o
 .debug_frame   0x000004e8      0x684 Drivers\STM32F1xx_HAL_Driver\Src\stm32f1xx_hal_i2c.o
 .debug_frame   0x00000b6c      0x150 Drivers\STM32F1xx_HAL_Driver\Src\stm32f1xx_hal_rcc.o
 .debug_frame   0x00000cbc      0x854 Drivers\STM32F1xx_HAL_Driver\Src\stm32f1xx_hal_tim.o
 .debug_frame   0x00001510      0x320 Drivers\STM32F1xx_HAL_Driver\Src\stm32f1xx_hal_tim_ex.o
 .debug_frame   0x00001830      0x4a0 Drivers\STM32F1xx_HAL_Driver\Src\stm32f1xx_hal_uart.o
 .debug_frame   0x00001cd0      0x180 Src\BMXX80.o
 .debug_frame   0x00001e50       0x20 Src\delays.o
 .debug_frame   0x00001e70      0x140 Src\ds18b20.o
 .debug_frame   0x00001fb0       0x38 Src\gpio.o
 .debug_frame   0x00001fe8       0x98 Src\i2c.o
 .debug_frame   0x00002080       0x58 Src\main.o
 .debug_frame   0x000020d8      0x1c8 Src\onewire.o
 .debug_frame   0x000022a0       0x28 Src\stm32f1xx_hal_msp.o
 .debug_frame   0x000022c8       0xd0 Src\stm32f1xx_it.o
 .debug_frame   0x00002398      0x1a8 Src\syscalls.o
 .debug_frame   0x00002540       0x30 Src\system_stm32f1xx.o
 .debug_frame   0x00002570       0x6c Src\tim.o
 .debug_frame   0x000025dc       0x60 Src\usart.o
 .debug_frame   0x0000263c       0x20 c:/program files (x86)/atollic/truestudio for stm32 9.1.0/armtools/bin/../lib/gcc/arm-atollic-eabi/6.3.1/../../../../arm-atollic-eabi/lib/armv7-m\libc_nano.a(lib_a-errno.o)
 .debug_frame   0x0000265c       0x2c c:/program files (x86)/atollic/truestudio for stm32 9.1.0/armtools/bin/../lib/gcc/arm-atollic-eabi/6.3.1/../../../../arm-atollic-eabi/lib/armv7-m\libc_nano.a(lib_a-init.o)
 .debug_frame   0x00002688       0x20 c:/program files (x86)/atollic/truestudio for stm32 9.1.0/armtools/bin/../lib/gcc/arm-atollic-eabi/6.3.1/../../../../arm-atollic-eabi/lib/armv7-m\libc_nano.a(lib_a-memset.o)
 .debug_frame   0x000026a8       0x90 c:/program files (x86)/atollic/truestudio for stm32 9.1.0/armtools/bin/../lib/gcc/arm-atollic-eabi/6.3.1/../../../../arm-atollic-eabi/lib/armv7-m\libc_nano.a(lib_a-nano-vfprintf_float.o)
 .debug_frame   0x00002738       0x60 c:/program files (x86)/atollic/truestudio for stm32 9.1.0/armtools/bin/../lib/gcc/arm-atollic-eabi/6.3.1/../../../../arm-atollic-eabi/lib/armv7-m\libc_nano.a(lib_a-nano-vfprintf_i.o)
 .debug_frame   0x00002798       0x6c c:/program files (x86)/atollic/truestudio for stm32 9.1.0/armtools/bin/../lib/gcc/arm-atollic-eabi/6.3.1/../../../../arm-atollic-eabi/lib/armv7-m\libc_nano.a(lib_a-dtoa.o)
 .debug_frame   0x00002804       0x40 c:/program files (x86)/atollic/truestudio for stm32 9.1.0/armtools/bin/../lib/gcc/arm-atollic-eabi/6.3.1/../../../../arm-atollic-eabi/lib/armv7-m\libc_nano.a(lib_a-localeconv.o)
 .debug_frame   0x00002844       0x30 c:/program files (x86)/atollic/truestudio for stm32 9.1.0/armtools/bin/../lib/gcc/arm-atollic-eabi/6.3.1/../../../../arm-atollic-eabi/lib/armv7-m\libc_nano.a(lib_a-malloc.o)
 .debug_frame   0x00002874       0x28 c:/program files (x86)/atollic/truestudio for stm32 9.1.0/armtools/bin/../lib/gcc/arm-atollic-eabi/6.3.1/../../../../arm-atollic-eabi/lib/armv7-m\libc_nano.a(lib_a-memcpy-stub.o)
 .debug_frame   0x0000289c      0x244 c:/program files (x86)/atollic/truestudio for stm32 9.1.0/armtools/bin/../lib/gcc/arm-atollic-eabi/6.3.1/../../../../arm-atollic-eabi/lib/armv7-m\libc_nano.a(lib_a-mprec.o)
 .debug_frame   0x00002ae0       0x2c c:/program files (x86)/atollic/truestudio for stm32 9.1.0/armtools/bin/../lib/gcc/arm-atollic-eabi/6.3.1/../../../../arm-atollic-eabi/lib/armv7-m\libc_nano.a(lib_a-nano-callocr.o)
 .debug_frame   0x00002b0c       0x2c c:/program files (x86)/atollic/truestudio for stm32 9.1.0/armtools/bin/../lib/gcc/arm-atollic-eabi/6.3.1/../../../../arm-atollic-eabi/lib/armv7-m\libc_nano.a(lib_a-nano-mallocr.o)
 .debug_frame   0x00002b38       0x2c c:/program files (x86)/atollic/truestudio for stm32 9.1.0/armtools/bin/../lib/gcc/arm-atollic-eabi/6.3.1/../../../../arm-atollic-eabi/lib/armv7-m\libc_nano.a(lib_a-sbrkr.o)
 .debug_frame   0x00002b64       0x68 c:/program files (x86)/atollic/truestudio for stm32 9.1.0/armtools/bin/../lib/gcc/arm-atollic-eabi/6.3.1/../../../../arm-atollic-eabi/lib/armv7-m\libc_nano.a(lib_a-locale.o)
 .debug_frame   0x00002bcc       0x48 c:/program files (x86)/atollic/truestudio for stm32 9.1.0/armtools/bin/../lib/gcc/arm-atollic-eabi/6.3.1/../../../../arm-atollic-eabi/lib/armv7-m\libc_nano.a(lib_a-mbtowc_r.o)
 .debug_frame   0x00002c14       0x30 c:/program files (x86)/atollic/truestudio for stm32 9.1.0/armtools/bin/../lib/gcc/arm-atollic-eabi/6.3.1/../../../../arm-atollic-eabi/lib/armv7-m\libc_nano.a(lib_a-mlock.o)
 .debug_frame   0x00002c44       0x5c c:/program files (x86)/atollic/truestudio for stm32 9.1.0/armtools/bin/../lib/gcc/arm-atollic-eabi/6.3.1/../../../../arm-atollic-eabi/lib/armv7-m\libc_nano.a(lib_a-reent.o)
 .debug_frame   0x00002ca0       0x3c c:/program files (x86)/atollic/truestudio for stm32 9.1.0/armtools/bin/../lib/gcc/arm-atollic-eabi/6.3.1/../../../../arm-atollic-eabi/lib/armv7-m\libc_nano.a(lib_a-wctomb_r.o)
 .debug_frame   0x00002cdc       0xac c:/program files (x86)/atollic/truestudio for stm32 9.1.0/armtools/bin/../lib/gcc/arm-atollic-eabi/6.3.1/armv7-m\libgcc.a(_arm_addsubdf3.o)
 .debug_frame   0x00002d88       0x50 c:/program files (x86)/atollic/truestudio for stm32 9.1.0/armtools/bin/../lib/gcc/arm-atollic-eabi/6.3.1/armv7-m\libgcc.a(_arm_muldivdf3.o)
 .debug_frame   0x00002dd8       0xc4 c:/program files (x86)/atollic/truestudio for stm32 9.1.0/armtools/bin/../lib/gcc/arm-atollic-eabi/6.3.1/armv7-m\libgcc.a(_arm_cmpdf2.o)
 .debug_frame   0x00002e9c       0x20 c:/program files (x86)/atollic/truestudio for stm32 9.1.0/armtools/bin/../lib/gcc/arm-atollic-eabi/6.3.1/armv7-m\libgcc.a(_arm_unorddf2.o)
 .debug_frame   0x00002ebc       0x24 c:/program files (x86)/atollic/truestudio for stm32 9.1.0/armtools/bin/../lib/gcc/arm-atollic-eabi/6.3.1/armv7-m\libgcc.a(_arm_fixdfsi.o)
 .debug_frame   0x00002ee0       0x4c c:/program files (x86)/atollic/truestudio for stm32 9.1.0/armtools/bin/../lib/gcc/arm-atollic-eabi/6.3.1/armv7-m\libgcc.a(_arm_addsubsf3.o)
 .debug_frame   0x00002f2c       0x38 c:/program files (x86)/atollic/truestudio for stm32 9.1.0/armtools/bin/../lib/gcc/arm-atollic-eabi/6.3.1/armv7-m\libgcc.a(_arm_muldivsf3.o)
 .debug_frame   0x00002f64       0xc8 c:/program files (x86)/atollic/truestudio for stm32 9.1.0/armtools/bin/../lib/gcc/arm-atollic-eabi/6.3.1/armv7-m\libgcc.a(_arm_cmpsf2.o)
 .debug_frame   0x0000302c       0x44 c:/program files (x86)/atollic/truestudio for stm32 9.1.0/armtools/bin/../lib/gcc/arm-atollic-eabi/6.3.1/armv7-m\libgcc.a(_aeabi_ldivmod.o)
 .debug_frame   0x00003070       0x34 c:/program files (x86)/atollic/truestudio for stm32 9.1.0/armtools/bin/../lib/gcc/arm-atollic-eabi/6.3.1/armv7-m\libgcc.a(_udivmoddi4.o)
