onewire.c:18:6:OneWire_Delay	0	static
onewire.c:27:6:OneWire_BusInputDirection	24	static
onewire.c:37:6:OneWire_BusOutputDirection	24	static
onewire.c:50:6:OneWire_OutputLow	0	static
onewire.c:55:6:OneWire_OutputHigh	0	static
onewire.c:67:9:OneWire_Reset	8	static
onewire.c:88:6:OneWire_WriteBit	8	static
onewire.c:114:9:OneWire_ReadBit	8	static
onewire.c:133:6:OneWire_WriteByte	16	static
onewire.c:144:9:OneWire_ReadByte	16	static
onewire.c:159:6:OneWire_ResetSearch	0	static
onewire.c:167:9:OneWire_Search	32	static
onewire.c:284:9:OneWire_First	0	static
onewire.c:294:9:OneWire_Next	0	static
onewire.c:317:6:OneWire_SelectWithPointer	16	static
onewire.c:303:6:OneWire_Select	0	static
onewire.c:331:6:OneWire_GetFullROM	0	static
onewire.c:342:9:OneWire_CRC8	12	static
onewire.c:366:6:OneWire_Init	16	static
